{
	"start":	{
		"connected":	[{
				"socket":	5,
				"local_host":	"127.0.0.1",
				"local_port":	58976,
				"remote_host":	"127.0.0.1",
				"remote_port":	36301
			}],
		"version":	"iperf 3.16",
		"system_info":	"Linux paulo-lance 6.14.0-37-generic #37~24.04.1-Ubuntu SMP PREEMPT_DYNAMIC Thu Nov 20 10:25:38 UTC 2 x86_64",
		"timestamp":	{
			"time":	"Thu, 01 Oct 2026 16:26:29 GMT",
			"timesecs":	1790871989
		},
		"connecting_to":	{
			"host":	"127.0.0.1",
			"port":	36301
		},
		"cookie":	"magicvhzlyp27v3udyoje3ri7ipj7enai2hr",
		"target_bitrate":	10000000,
		"fq_rate":	0,
		"sock_bufsize":	0,
		"sndbuf_actual":	212992,
		"rcvbuf_actual":	212992,
		"test_start":	{
			"protocol":	"UDP",
			"num_streams":	1,
			"blksize":	32768,
			"omit":	0,
			"duration":	2,
			"bytes":	0,
			"blocks":	0,
			"reverse":	0,
			"tos":	0,
			"target_bitrate":	10000000,
			"bidir":	0,
			"fqrate":	0
		}
	},
	"intervals":	[{
			"streams":	[{
					"socket":	5,
					"start":	0,
					"end":	1.000041,
					"seconds":	1.0000410079956055,
					"bytes":	1277952,
					"bits_per_second":	10223196.7671919,
					"packets":	39,
					"omitted":	false,
					"sender":	true
				}],
			"sum":	{
				"start":	0,
				"end":	1.000041,
				"seconds":	1.0000410079956055,
				"bytes":	1277952,
				"bits_per_second":	10223196.7671919,
				"packets":	39,
				"omitted":	false,
				"sender":	true
			}
		}, {
			"streams":	[{
					"socket":	5,
					"start":	1.000041,
					"end":	2.000269,
					"seconds":	1.0002280473709106,
					"bytes":	1245184,
					"bits_per_second":	9959200.83043425,
					"packets":	38,
					"omitted":	false,
					"sender":	true
				}],
			"sum":	{
				"start":	1.000041,
				"end":	2.000269,
				"seconds":	1.0002280473709106,
				"bytes":	1245184,
				"bits_per_second":	9959200.83043425,
				"packets":	38,
				"omitted":	false,
				"sender":	true
			}
		}],
	"end":	{
		"streams":	[{
				"udp":	{
					"socket":	5,
					"start":	0,
					"end":	2.000269,
					"seconds":	2.000269,
					"bytes":	2523136,
					"bits_per_second":	10091186.735384092,
					"jitter_ms":	0.011363122386795158,
					"lost_packets":	0,
					"packets":	77,
					"lost_percent":	0,
					"out_of_order":	0,
					"sender":	true
				}
			}],
		"sum":	{
			"start":	0,
			"end":	2.000362,
			"seconds":	2.000362,
			"bytes":	2523136,
			"bits_per_second":	10091186.735384092,
			"jitter_ms":	0.011363122386795158,
			"lost_packets":	0,
			"packets":	77,
			"lost_percent":	0,
			"sender":	true
		},
		"sum_sent":	{
			"start":	0,
			"end":	2.000269,
			"seconds":	2.000269,
			"bytes":	2523136,
			"bits_per_second":	10091186.735384092,
			"jitter_ms":	0,
			"lost_packets":	0,
			"packets":	77,
			"lost_percent":	0,
			"sender":	true
		},
		"sum_received":	{
			"start":	0,
			"end":	2.000362,
			"seconds":	2.000362,
			"bytes":	2523136,
			"bits_per_second":	10090717.580118,
			"jitter_ms":	0.011363122386795158,
			"lost_packets":	0,
			"packets":	77,
			"lost_percent":	0,
			"sender":	false
		},
		"cpu_utilization_percent":	{
			"host_total":	101.36619477571436,
			"host_user":	101.31036950630869,
			"host_system":	0.0558252694056533,
			"remote_total":	0.23260243280249188,
			"remote_user":	0.060937538273423082,
			"remote_system":	0.1716648945290688
		}
	},
	"extra_data":	"47839c13-8cb3-45a9-a24c-0025daca1228",
	"server_output_json":	{
		"start":	{
			"connected":	[{
					"socket":	5,
					"local_host":	"127.0.0.1",
					"local_port":	36301,
					"remote_host":	"127.0.0.1",
					"remote_port":	58976
				}],
			"version":	"iperf 3.16",
			"system_info":	"Linux paulo-lance 6.14.0-37-generic #37~24.04.1-Ubuntu SMP PREEMPT_DYNAMIC Thu Nov 20 10:25:38 UTC 2 x86_64",
			"target_bitrate":	10000000,
			"timestamp":	{
				"time":	"Thu, 01 Oct 2026 16:26:29 GMT",
				"timesecs":	1790871989
			},
			"accepted_connection":	{
				"host":	"127.0.0.1",
				"port":	38966
			},
			"cookie":	"magicvhzlyp27v3udyoje3ri7ipj7enai2hr",
			"target_bitrate":	10000000,
			"fq_rate":	0,
			"sock_bufsize":	0,
			"sndbuf_actual":	212992,
			"rcvbuf_actual":	212992,
			"test_start":	{
				"protocol":	"UDP",
				"num_streams":	1,
				"blksize":	32768,
				"omit":	0,
				"duration":	2,
				"bytes":	0,
				"blocks":	0,
				"reverse":	0,
				"tos":	0,
				"target_bitrate":	10000000,
				"bidir":	0,
				"fqrate":	0
			}
		},
		"intervals":	[{
				"streams":	[{
						"socket":	5,
						"start":	0,
						"end":	1.000054,
						"seconds":	1.0000540018081665,
						"bytes":	1277952,
						"bits_per_second":	10223063.936062451,
						"jitter_ms":	0.00935734504434183,
						"lost_packets":	0,
						"packets":	39,
						"lost_percent":	0,
						"omitted":	false,
						"sender":	false
					}],
				"sum":	{
					"start":	0,
					"end":	1.000054,
					"seconds":	1.0000540018081665,
					"bytes":	1277952,
					"bits_per_second":	10223063.936062451,
					"jitter_ms":	0.00935734504434183,
					"lost_packets":	0,
					"packets":	39,
					"lost_percent":	0,
					"omitted":	false,
					"sender":	false
				}
			}, {
				"streams":	[{
						"socket":	5,
						"start":	1.000054,
						"end":	2.000064,
						"seconds":	1.0000100135803223,
						"bytes":	1245184,
						"bits_per_second":	9961372.2509988453,
						"jitter_ms":	0.011363122386795158,
						"lost_packets":	0,
						"packets":	38,
						"lost_percent":	0,
						"omitted":	false,
						"sender":	false
					}],
				"sum":	{
					"start":	1.000054,
					"end":	2.000064,
					"seconds":	1.0000100135803223,
					"bytes":	1245184,
					"bits_per_second":	9961372.2509988453,
					"jitter_ms":	0.011363122386795158,
					"lost_packets":	0,
					"packets":	38,
					"lost_percent":	0,
					"omitted":	false,
					"sender":	false
				}
			}],
		"end":	{
			"streams":	[{
					"udp":	{
						"socket":	5,
						"start":	0,
						"end":	2.000362,
						"seconds":	2.000362,
						"bytes":	0,
						"bits_per_second":	0,
						"jitter_ms":	0.011363122386795158,
						"lost_packets":	0,
						"packets":	77,
						"lost_percent":	0,
						"out_of_order":	0,
						"sender":	false
					}
				}],
			"sum":	{
				"start":	0,
				"end":	2.000362,
				"seconds":	2.000362,
				"bytes":	0,
				"bits_per_second":	0,
				"jitter_ms":	0.011363122386795158,
				"lost_packets":	0,
				"packets":	77,
				"lost_percent":	0,
				"sender":	false
			},
			"sum_sent":	{
				"start":	0,
				"end":	2.000362,
				"seconds":	2.000362,
				"bytes":	0,
				"bits_per_second":	0,
				"jitter_ms":	0,
				"lost_packets":	0,
				"packets":	0,
				"lost_percent":	0,
				"sender":	true
			},
			"sum_received":	{
				"start":	0,
				"end":	2.000362,
				"seconds":	2.000362,
				"bytes":	2523136,
				"bits_per_second":	10090717.580118,
				"jitter_ms":	0.011363122386795158,
				"lost_packets":	0,
				"packets":	77,
				"lost_percent":	0,
				"sender":	false
			},
			"cpu_utilization_percent":	{
				"host_total":	0.23260243280249188,
				"host_user":	0.060937538273423082,
				"host_system":	0.1716648945290688,
				"remote_total":	0,
				"remote_user":	0,
				"remote_system":	0
			}
		}
	}
}
