{
	"start":	{
		"connected":	[{
				"socket":	5,
				"local_host":	"127.0.0.1",
				"local_port":	35400,
				"remote_host":	"127.0.0.1",
				"remote_port":	43801
			}],
		"version":	"iperf 3.16",
		"system_info":	"Linux paulo-lance 6.14.0-37-generic #37~24.04.1-Ubuntu SMP PREEMPT_DYNAMIC Thu Nov 20 10:25:38 UTC 2 x86_64",
		"timestamp":	{
			"time":	"Thu, 01 Oct 2026 16:26:36 GMT",
			"timesecs":	1790871996
		},
		"connecting_to":	{
			"host":	"127.0.0.1",
			"port":	43801
		},
		"cookie":	"hskvdorreob663vntbiab2hhet46332kdnnq",
		"target_bitrate":	1000000,
		"fq_rate":	0,
		"sock_bufsize":	0,
		"sndbuf_actual":	212992,
		"rcvbuf_actual":	212992,
		"test_start":	{
			"protocol":	"UDP",
			"num_streams":	1,
			"blksize":	32768,
			"omit":	0,
			"duration":	1,
			"bytes":	0,
			"blocks":	0,
			"reverse":	0,
			"tos":	0,
			"target_bitrate":	1000000,
			"bidir":	0,
			"fqrate":	0
		}
	},
	"intervals":	[{
			"streams":	[{
					"socket":	5,
					"start":	0,
					"end":	1.000314,
					"seconds":	1.0003139972686768,
					"bytes":	131072,
					"bits_per_second":	1048246.8533511488,
					"packets":	4,
					"omitted":	false,
					"sender":	true
				}],
			"sum":	{
				"start":	0,
				"end":	1.000314,
				"seconds":	1.0003139972686768,
				"bytes":	131072,
				"bits_per_second":	1048246.8533511488,
				"packets":	4,
				"omitted":	false,
				"sender":	true
			}
		}],
	"end":	{
		"streams":	[{
				"udp":	{
					"socket":	5,
					"start":	0,
					"end":	1.000314,
					"seconds":	1.000314,
					"bytes":	131072,
					"bits_per_second":	1048246.8504889465,
					"jitter_ms":	0.0025666503906250008,
					"lost_packets":	0,
					"packets":	4,
					"lost_percent":	0,
					"out_of_order":	0,
					"sender":	true
				}
			}],
		"sum":	{
			"start":	0,
			"end":	1.000427,
			"seconds":	1.000427,
			"bytes":	131072,
			"bits_per_second":	1048246.8504889465,
			"jitter_ms":	0.0025666503906250008,
			"lost_packets":	0,
			"packets":	4,
			"lost_percent":	0,
			"sender":	true
		},
		"sum_sent":	{
			"start":	0,
			"end":	1.000314,
			"seconds":	1.000314,
			"bytes":	131072,
			"bits_per_second":	1048246.8504889465,
			"jitter_ms":	0,
			"lost_packets":	0,
			"packets":	4,
			"lost_percent":	0,
			"sender":	true
		},
		"sum_received":	{
			"start":	0,
			"end":	1.000427,
			"seconds":	1.000427,
			"bytes":	131072,
			"bits_per_second":	1048128.449152212,
			"jitter_ms":	0.0025666503906250008,
			"lost_packets":	0,
			"packets":	4,
			"lost_percent":	0,
			"sender":	false
		},
		"cpu_utilization_percent":	{
			"host_total":	101.59485394327189,
			"host_user":	101.51492140633304,
			"host_system":	0.079632789925303038,
			"remote_total":	0.0427810479957379,
			"remote_user":	0.014193712185501823,
			"remote_system":	0.028487380090619855
		}
	},
	"extra_data":	"118e438a-3623-4bd7-afa7-5921db487954",
	"server_output_json":	{
		"start":	{
			"connected":	[{
					"socket":	5,
					"local_host":	"127.0.0.1",
					"local_port":	43801,
					"remote_host":	"127.0.0.1",
					"remote_port":	35400
				}],
			"version":	"iperf 3.16",
			"system_info":	"Linux paulo-lance 6.14.0-37-generic #37~24.04.1-Ubuntu SMP PREEMPT_DYNAMIC Thu Nov 20 10:25:38 UTC 2 x86_64",
			"target_bitrate":	1000000,
			"timestamp":	{
				"time":	"Thu, 01 Oct 2026 16:26:36 GMT",
				"timesecs":	1790871996
			},
			"accepted_connection":	{
				"host":	"127.0.0.1",
				"port":	53532
			},
			"cookie":	"hskvdorreob663vntbiab2hhet46332kdnnq",
			"target_bitrate":	1000000,
			"fq_rate":	0,
			"sock_bufsize":	0,
			"sndbuf_actual":	212992,
			"rcvbuf_actual":	212992,
			"test_start":	{
				"protocol":	"UDP",
				"num_streams":	1,
				"blksize":	32768,
				"omit":	0,
				"duration":	1,
				"bytes":	0,
				"blocks":	0,
				"reverse":	0,
				"tos":	0,
				"target_bitrate":	1000000,
				"bidir":	0,
				"fqrate":	0
			}
		},
		"intervals":	[{
				"streams":	[{
						"socket":	5,
						"start":	0,
						"end":	1.000251,
						"seconds":	1.0002510547637939,
						"bytes":	131072,
						"bits_per_second":	1048312.8160735784,
						"jitter_ms":	0.0025666503906250008,
						"lost_packets":	0,
						"packets":	4,
						"lost_percent":	0,
						"omitted":	false,
						"sender":	false
					}],
				"sum":	{
					"start":	0,
					"end":	1.000251,
					"seconds":	1.0002510547637939,
					"bytes":	131072,
					"bits_per_second":	1048312.8160735784,
					"jitter_ms":	0.0025666503906250008,
					"lost_packets":	0,
					"packets":	4,
					"lost_percent":	0,
					"omitted":	false,
					"sender":	false
				}
			}],
		"end":	{
			"streams":	[{
					"udp":	{
						"socket":	5,
						"start":	0,
						"end":	1.000427,
						"seconds":	1.000427,
						"bytes":	0,
						"bits_per_second":	0,
						"jitter_ms":	0.0025666503906250008,
						"lost_packets":	0,
						"packets":	4,
						"lost_percent":	0,
						"out_of_order":	0,
						"sender":	false
					}
				}],
			"sum":	{
				"start":	0,
				"end":	1.000427,
				"seconds":	1.000427,
				"bytes":	0,
				"bits_per_second":	0,
				"jitter_ms":	0.0025666503906250008,
				"lost_packets":	0,
				"packets":	4,
				"lost_percent":	0,
				"sender":	false
			},
			"sum_sent":	{
				"start":	0,
				"end":	1.000427,
				"seconds":	1.000427,
				"bytes":	0,
				"bits_per_second":	0,
				"jitter_ms":	0,
				"lost_packets":	0,
				"packets":	0,
				"lost_percent":	0,
				"sender":	true
			},
			"sum_received":	{
				"start":	0,
				"end":	1.000427,
				"seconds":	1.000427,
				"bytes":	131072,
				"bits_per_second":	1048128.449152212,
				"jitter_ms":	0.0025666503906250008,
				"lost_packets":	0,
				"packets":	4,
				"lost_percent":	0,
				"sender":	false
			},
			"cpu_utilization_percent":	{
				"host_total":	0.0427810479957379,
				"host_user":	0.014193712185501823,
				"host_system":	0.028487380090619855,
				"remote_total":	0,
				"remote_user":	0,
				"remote_system":	0
			}
		}
	}
}
