{
	"start":	{
		"connected":	[{
				"socket":	5,
				"local_host":	"192.168.150.220",
				"local_port":	53998,
				"remote_host":	"192.168.150.2",
				"remote_port":	5201
			}],
		"version":	"iperf 3.16",
		"system_info":	"Linux paulo-lance 6.14.0-37-generic #37~24.04.1-Ubuntu SMP PREEMPT_DYNAMIC Thu Nov 20 10:25:38 UTC 2 x86_64",
		"timestamp":	{
			"time":	"Thu, 01 Oct 2026 17:14:16 GMT",
			"timesecs":	1790874856
		},
		"connecting_to":	{
			"host":	"192.168.150.2",
			"port":	5201
		},
		"cookie":	"g7yeo73uk6ttvoyjmg2zxydgfqjmduye3vh5",
		"target_bitrate":	200000000,
		"fq_rate":	0,
		"sock_bufsize":	0,
		"sndbuf_actual":	212992,
		"rcvbuf_actual":	212992,
		"test_start":	{
			"protocol":	"UDP",
			"num_streams":	1,
			"blksize":	1448,
			"omit":	0,
			"duration":	20,
			"bytes":	0,
			"blocks":	0,
			"reverse":	0,
			"tos":	0,
			"target_bitrate":	200000000,
			"bidir":	0,
			"fqrate":	0
		}
	},
	"intervals":	[{
			"streams":	[{
					"socket":	5,
					"start":	0,
					"end":	1.000078,
					"seconds":	1.0000779628753662,
					"bytes":	24275720,
					"bits_per_second":	194190620.34086907,
					"packets":	16766,
					"omitted":	false,
					"sender":	true
				}],
			"sum":	{
				"start":	0,
				"end":	1.000078,
				"seconds":	1.0000779628753662,
				"bytes":	24275720,
				"bits_per_second":	194190620.34086907,
				"packets":	16766,
				"omitted":	false,
				"sender":	true
			}
		}, {
			"streams":	[{
					"socket":	5,
					"start":	1.000078,
					"end":	2.000078,
					"seconds":	1,
					"bytes":	20972832,
					"bits_per_second":	167782656,
					"packets":	14484,
					"omitted":	false,
					"sender":	true
				}],
			"sum":	{
				"start":	1.000078,
				"end":	2.000078,
				"seconds":	1,
				"bytes":	20972832,
				"bits_per_second":	167782656,
				"packets":	14484,
				"omitted":	false,
				"sender":	true
			}
		}, {
			"streams":	[{
					"socket":	5,
					"start":	2.000078,
					"end":	3.000059,
					"seconds":	0.99998098611831665,
					"bytes":	20943872,
					"bits_per_second":	167554161.85500905,
					"packets":	14464,
					"omitted":	false,
					"sender":	true
				}],
			"sum":	{
				"start":	2.000078,
				"end":	3.000059,
				"seconds":	0.99998098611831665,
				"bytes":	20943872,
				"bits_per_second":	167554161.85500905,
				"packets":	14464,
				"omitted":	false,
				"sender":	true
			}
		}, {
			"streams":	[{
					"socket":	5,
					"start":	3.000059,
					"end":	4.000084,
					"seconds":	1.0000250339508057,
					"bytes":	27180408,
					"bits_per_second":	217437820.672294,
					"packets":	18771,
					"omitted":	false,
					"sender":	true
				}],
			"sum":	{
				"start":	3.000059,
				"end":	4.000084,
				"seconds":	1.0000250339508057,
				"bytes":	27180408,
				"bits_per_second":	217437820.672294,
				"packets":	18771,
				"omitted":	false,
				"sender":	true
			}
		}, {
			"streams":	[{
					"socket":	5,
					"start":	4.000084,
					"end":	5.00006,
					"seconds":	0.99997597932815552,
					"bytes":	17962440,
					"bits_per_second":	143702971.8419297,
					"packets":	12405,
					"omitted":	false,
					"sender":	true
				}],
			"sum":	{
				"start":	4.000084,
				"end":	5.00006,
				"seconds":	0.99997597932815552,
				"bytes":	17962440,
				"bits_per_second":	143702971.8419297,
				"packets":	12405,
				"omitted":	false,
				"sender":	true
			}
		}, {
			"streams":	[{
					"socket":	5,
					"start":	5.00006,
					"end":	6.000079,
					"seconds":	1.0000189542770386,
					"bytes":	27714720,
					"bits_per_second":	221713557.57980642,
					"packets":	19140,
					"omitted":	false,
					"sender":	true
				}],
			"sum":	{
				"start":	5.00006,
				"end":	6.000079,
				"seconds":	1.0000189542770386,
				"bytes":	27714720,
				"bits_per_second":	221713557.57980642,
				"packets":	19140,
				"omitted":	false,
				"sender":	true
			}
		}, {
			"streams":	[{
					"socket":	5,
					"start":	6.000079,
					"end":	7.000059,
					"seconds":	0.99997997283935547,
					"bytes":	21828600,
					"bits_per_second":	174632297.38907352,
					"packets":	15075,
					"omitted":	false,
					"sender":	true
				}],
			"sum":	{
				"start":	6.000079,
				"end":	7.000059,
				"seconds":	0.99997997283935547,
				"bytes":	21828600,
				"bits_per_second":	174632297.38907352,
				"packets":	15075,
				"omitted":	false,
				"sender":	true
			}
		}, {
			"streams":	[{
					"socket":	5,
					"start":	7.000059,
					"end":	8.000059,
					"seconds":	1,
					"bytes":	26175496,
					"bits_per_second":	209403968,
					"packets":	18077,
					"omitted":	false,
					"sender":	true
				}],
			"sum":	{
				"start":	7.000059,
				"end":	8.000059,
				"seconds":	1,
				"bytes":	26175496,
				"bits_per_second":	209403968,
				"packets":	18077,
				"omitted":	false,
				"sender":	true
			}
		}, {
			"streams":	[{
					"socket":	5,
					"start":	8.000059,
					"end":	9.000059,
					"seconds":	1,
					"bytes":	21466600,
					"bits_per_second":	171732800,
					"packets":	14825,
					"omitted":	false,
					"sender":	true
				}],
			"sum":	{
				"start":	8.000059,
				"end":	9.000059,
				"seconds":	1,
				"bytes":	21466600,
				"bits_per_second":	171732800,
				"packets":	14825,
				"omitted":	false,
				"sender":	true
			}
		}, {
			"streams":	[{
					"socket":	5,
					"start":	9.000059,
					"end":	10.000058,
					"seconds":	0.99999898672103882,
					"bytes":	25402264,
					"bits_per_second":	203218317.91684607,
					"packets":	17543,
					"omitted":	false,
					"sender":	true
				}],
			"sum":	{
				"start":	9.000059,
				"end":	10.000058,
				"seconds":	0.99999898672103882,
				"bytes":	25402264,
				"bits_per_second":	203218317.91684607,
				"packets":	17543,
				"omitted":	false,
				"sender":	true
			}
		}, {
			"streams":	[{
					"socket":	5,
					"start":	10.000058,
					"end":	11.000084,
					"seconds":	1.0000259876251221,
					"bytes":	24287304,
					"bits_per_second":	194293382.77640471,
					"packets":	16773,
					"omitted":	false,
					"sender":	true
				}],
			"sum":	{
				"start":	10.000058,
				"end":	11.000084,
				"seconds":	1.0000259876251221,
				"bytes":	24287304,
				"bits_per_second":	194293382.77640471,
				"packets":	16773,
				"omitted":	false,
				"sender":	true
			}
		}, {
			"streams":	[{
					"socket":	5,
					"start":	11.000084,
					"end":	12.000061,
					"seconds":	0.9999769926071167,
					"bytes":	19207720,
					"bits_per_second":	153665295.43782467,
					"packets":	13265,
					"omitted":	false,
					"sender":	true
				}],
			"sum":	{
				"start":	11.000084,
				"end":	12.000061,
				"seconds":	0.9999769926071167,
				"bytes":	19207720,
				"bits_per_second":	153665295.43782467,
				"packets":	13265,
				"omitted":	false,
				"sender":	true
			}
		}, {
			"streams":	[{
					"socket":	5,
					"start":	12.000061,
					"end":	13.000077,
					"seconds":	1.0000159740448,
					"bytes":	24074448,
					"bits_per_second":	192592507.51865679,
					"packets":	16626,
					"omitted":	false,
					"sender":	true
				}],
			"sum":	{
				"start":	12.000061,
				"end":	13.000077,
				"seconds":	1.0000159740448,
				"bytes":	24074448,
				"bits_per_second":	192592507.51865679,
				"packets":	16626,
				"omitted":	false,
				"sender":	true
			}
		}, {
			"streams":	[{
					"socket":	5,
					"start":	13.000077,
					"end":	14.000059,
					"seconds":	0.99998199939727783,
					"bytes":	24649304,
					"bits_per_second":	197197981.68252587,
					"packets":	17023,
					"omitted":	false,
					"sender":	true
				}],
			"sum":	{
				"start":	13.000077,
				"end":	14.000059,
				"seconds":	0.99998199939727783,
				"bytes":	24649304,
				"bits_per_second":	197197981.68252587,
				"packets":	17023,
				"omitted":	false,
				"sender":	true
			}
		}, {
			"streams":	[{
					"socket":	5,
					"start":	14.000059,
					"end":	15.000077,
					"seconds":	1.0000180006027222,
					"bytes":	29960568,
					"bits_per_second":	239680229.61140642,
					"packets":	20691,
					"omitted":	false,
					"sender":	true
				}],
			"sum":	{
				"start":	14.000059,
				"end":	15.000077,
				"seconds":	1.0000180006027222,
				"bytes":	29960568,
				"bits_per_second":	239680229.61140642,
				"packets":	20691,
				"omitted":	false,
				"sender":	true
			}
		}, {
			"streams":	[{
					"socket":	5,
					"start":	15.000077,
					"end":	16.00006,
					"seconds":	0.999983012676239,
					"bytes":	19736240,
					"bits_per_second":	157892602.17275256,
					"packets":	13630,
					"omitted":	false,
					"sender":	true
				}],
			"sum":	{
				"start":	15.000077,
				"end":	16.00006,
				"seconds":	0.999983012676239,
				"bytes":	19736240,
				"bits_per_second":	157892602.17275256,
				"packets":	13630,
				"omitted":	false,
				"sender":	true
			}
		}, {
			"streams":	[{
					"socket":	5,
					"start":	16.00006,
					"end":	17.000058,
					"seconds":	0.99999797344207764,
					"bytes":	25267600,
					"bits_per_second":	202141209.65086985,
					"packets":	17450,
					"omitted":	false,
					"sender":	true
				}],
			"sum":	{
				"start":	16.00006,
				"end":	17.000058,
				"seconds":	0.99999797344207764,
				"bytes":	25267600,
				"bits_per_second":	202141209.65086985,
				"packets":	17450,
				"omitted":	false,
				"sender":	true
			}
		}, {
			"streams":	[{
					"socket":	5,
					"start":	17.000058,
					"end":	18.000078,
					"seconds":	1.0000200271606445,
					"bytes":	22997136,
					"bits_per_second":	183973403.53509307,
					"packets":	15882,
					"omitted":	false,
					"sender":	true
				}],
			"sum":	{
				"start":	17.000058,
				"end":	18.000078,
				"seconds":	1.0000200271606445,
				"bytes":	22997136,
				"bits_per_second":	183973403.53509307,
				"packets":	15882,
				"omitted":	false,
				"sender":	true
			}
		}, {
			"streams":	[{
					"socket":	5,
					"start":	18.000078,
					"end":	19.000061,
					"seconds":	0.999983012676239,
					"bytes":	28893392,
					"bits_per_second":	231151062.63793874,
					"packets":	19954,
					"omitted":	false,
					"sender":	true
				}],
			"sum":	{
				"start":	18.000078,
				"end":	19.000061,
				"seconds":	0.999983012676239,
				"bytes":	28893392,
				"bits_per_second":	231151062.63793874,
				"packets":	19954,
				"omitted":	false,
				"sender":	true
			}
		}, {
			"streams":	[{
					"socket":	5,
					"start":	19.000061,
					"end":	20.000287,
					"seconds":	1.0002260208129883,
					"bytes":	24423416,
					"bits_per_second":	195343176.37646368,
					"packets":	16866,
					"omitted":	false,
					"sender":	true
				}],
			"sum":	{
				"start":	19.000061,
				"end":	20.000287,
				"seconds":	1.0002260208129883,
				"bytes":	24423416,
				"bits_per_second":	195343176.37646368,
				"packets":	16866,
				"omitted":	false,
				"sender":	true
			}
		}],
	"end":	{
		"streams":	[{
				"udp":	{
					"socket":	5,
					"start":	0,
					"end":	20.000287,
					"seconds":	20.000287,
					"bytes":	477420080,
					"bits_per_second":	190965291.64806485,
					"jitter_ms":	0.0222630820733753,
					"lost_packets":	44822,
					"packets":	329710,
					"lost_percent":	13.594370810712444,
					"out_of_order":	0,
					"sender":	true
				}
			}],
		"sum":	{
			"start":	0,
			"end":	21.436481,
			"seconds":	21.436481,
			"bytes":	477420080,
			"bits_per_second":	190965291.64806485,
			"jitter_ms":	0.0222630820733753,
			"lost_packets":	44822,
			"packets":	329710,
			"lost_percent":	13.594370810712444,
			"sender":	true
		},
		"sum_sent":	{
			"start":	0,
			"end":	20.000287,
			"seconds":	20.000287,
			"bytes":	477420080,
			"bits_per_second":	190965291.64806485,
			"jitter_ms":	0,
			"lost_packets":	0,
			"packets":	329710,
			"lost_percent":	0,
			"sender":	true
		},
		"sum_received":	{
			"start":	0,
			"end":	21.436481,
			"seconds":	21.436481,
			"bytes":	412514928,
			"bits_per_second":	153948748.58424756,
			"jitter_ms":	0.0222630820733753,
			"lost_packets":	44822,
			"packets":	329708,
			"lost_percent":	13.594370810712444,
			"sender":	false
		},
		"cpu_utilization_percent":	{
			"host_total":	10.973377624127785,
			"host_user":	0.704507434554723,
			"host_system":	10.268860210572871,
			"remote_total":	2.9532744391099839,
			"remote_user":	0.538086631728456,
			"remote_system":	2.4152111320727516
		}
	},
	"extra_data":	"07b9294c-3f17-4e88-a67e-50230b9230fd",
	"server_output_json":	{
		"start":	{
			"connected":	[{
					"socket":	5,
					"local_host":	"192.168.150.2",
					"local_port":	5201,
					"remote_host":	"192.168.150.220",
					"remote_port":	53998
				}],
			"version":	"iperf 3.22",
			"system_info":	"Darwin MacPaulo.local 25.6.0 Darwin Kernel Version 25.6.0: Tue Aug 18 17:51:33 PDT 2026; root:xnu-12377.161.15.700.19~2/RELEASE_ARM64_T8132 arm64",
			"target_bitrate":	200000000,
			"timestamp":	{
				"time":	"Thu, 01 Oct 2026 17:14:16 UTC",
				"timesecs":	1790874856,
				"timemillisecs":	1790874856038
			},
			"accepted_connection":	{
				"host":	"192.168.150.220",
				"port":	36888
			},
			"cookie":	"g7yeo73uk6ttvoyjmg2zxydgfqjmduye3vh5",
			"target_bitrate":	200000000,
			"fq_rate":	0,
			"sock_bufsize":	0,
			"sndbuf_actual":	9216,
			"rcvbuf_actual":	786896,
			"test_start":	{
				"protocol":	"UDP",
				"num_streams":	1,
				"blksize":	1448,
				"omit":	0,
				"duration":	20,
				"bytes":	0,
				"blocks":	0,
				"reverse":	0,
				"tos":	0,
				"target_bitrate":	200000000,
				"bidir":	0,
				"fqrate":	0,
				"interval":	1,
				"gso":	0,
				"gro":	0
			}
		},
		"intervals":	[{
				"streams":	[{
						"socket":	5,
						"start":	0,
						"end":	1.000979,
						"seconds":	1.000978946685791,
						"bytes":	19115048,
						"bits_per_second":	152770829.50277272,
						"jitter_ms":	0.097466472287936,
						"lost_packets":	0,
						"packets":	13201,
						"lost_percent":	0,
						"omitted":	false,
						"sender":	false
					}],
				"sum":	{
					"start":	0,
					"end":	1.000979,
					"seconds":	1.000978946685791,
					"bytes":	19115048,
					"bits_per_second":	152770829.50277272,
					"jitter_ms":	0.097466472287936,
					"lost_packets":	0,
					"packets":	13201,
					"lost_percent":	0,
					"omitted":	false,
					"sender":	false
				}
			}, {
				"streams":	[{
						"socket":	5,
						"start":	1.000979,
						"end":	2.005044,
						"seconds":	1.0040650367736816,
						"bytes":	18501096,
						"bits_per_second":	147409542.78777608,
						"jitter_ms":	0.0248118173521298,
						"lost_packets":	0,
						"packets":	12777,
						"lost_percent":	0,
						"omitted":	false,
						"sender":	false
					}],
				"sum":	{
					"start":	1.000979,
					"end":	2.005044,
					"seconds":	1.0040650367736816,
					"bytes":	18501096,
					"bits_per_second":	147409542.78777608,
					"jitter_ms":	0.0248118173521298,
					"lost_packets":	0,
					"packets":	12777,
					"lost_percent":	0,
					"omitted":	false,
					"sender":	false
				}
			}, {
				"streams":	[{
						"socket":	5,
						"start":	2.005044,
						"end":	3.005026,
						"seconds":	0.99998199939727783,
						"bytes":	20797624,
						"bits_per_second":	166383987.01204953,
						"jitter_ms":	0.03335697823675713,
						"lost_packets":	0,
						"packets":	14363,
						"lost_percent":	0,
						"omitted":	false,
						"sender":	false
					}],
				"sum":	{
					"start":	2.005044,
					"end":	3.005026,
					"seconds":	0.99998199939727783,
					"bytes":	20797624,
					"bits_per_second":	166383987.01204953,
					"jitter_ms":	0.03335697823675713,
					"lost_packets":	0,
					"packets":	14363,
					"lost_percent":	0,
					"omitted":	false,
					"sender":	false
				}
			}, {
				"streams":	[{
						"socket":	5,
						"start":	3.005026,
						"end":	4.002168,
						"seconds":	0.99714201688766479,
						"bytes":	22061728,
						"bits_per_second":	176999686.11380187,
						"jitter_ms":	0.083926680414817129,
						"lost_packets":	0,
						"packets":	15238,
						"lost_percent":	0,
						"omitted":	false,
						"sender":	false
					}],
				"sum":	{
					"start":	3.005026,
					"end":	4.002168,
					"seconds":	0.99714201688766479,
					"bytes":	22061728,
					"bits_per_second":	176999686.11380187,
					"jitter_ms":	0.083926680414817129,
					"lost_packets":	0,
					"packets":	15238,
					"lost_percent":	0,
					"omitted":	false,
					"sender":	false
				}
			}, {
				"streams":	[{
						"socket":	5,
						"start":	4.002168,
						"end":	5.005033,
						"seconds":	1.0028649568557739,
						"bytes":	22527984,
						"bits_per_second":	179709013.42992955,
						"jitter_ms":	0.076412676077215871,
						"lost_packets":	0,
						"packets":	15558,
						"lost_percent":	0,
						"omitted":	false,
						"sender":	false
					}],
				"sum":	{
					"start":	4.002168,
					"end":	5.005033,
					"seconds":	1.0028649568557739,
					"bytes":	22527984,
					"bits_per_second":	179709013.42992955,
					"jitter_ms":	0.076412676077215871,
					"lost_packets":	0,
					"packets":	15558,
					"lost_percent":	0,
					"omitted":	false,
					"sender":	false
				}
			}, {
				"streams":	[{
						"socket":	5,
						"start":	5.005033,
						"end":	6.005032,
						"seconds":	0.99999898672103882,
						"bytes":	19656600,
						"bits_per_second":	157252959.3411153,
						"jitter_ms":	0.0576284929768174,
						"lost_packets":	0,
						"packets":	13575,
						"lost_percent":	0,
						"omitted":	false,
						"sender":	false
					}],
				"sum":	{
					"start":	5.005033,
					"end":	6.005032,
					"seconds":	0.99999898672103882,
					"bytes":	19656600,
					"bits_per_second":	157252959.3411153,
					"jitter_ms":	0.0576284929768174,
					"lost_packets":	0,
					"packets":	13575,
					"lost_percent":	0,
					"omitted":	false,
					"sender":	false
				}
			}, {
				"streams":	[{
						"socket":	5,
						"start":	6.005032,
						"end":	7.00503,
						"seconds":	0.99999797344207764,
						"bytes":	26567904,
						"bits_per_second":	212543662.73204356,
						"jitter_ms":	0.039321152026883223,
						"lost_packets":	0,
						"packets":	18348,
						"lost_percent":	0,
						"omitted":	false,
						"sender":	false
					}],
				"sum":	{
					"start":	6.005032,
					"end":	7.00503,
					"seconds":	0.99999797344207764,
					"bytes":	26567904,
					"bits_per_second":	212543662.73204356,
					"jitter_ms":	0.039321152026883223,
					"lost_packets":	0,
					"packets":	18348,
					"lost_percent":	0,
					"omitted":	false,
					"sender":	false
				}
			}, {
				"streams":	[{
						"socket":	5,
						"start":	7.00503,
						"end":	8.005031,
						"seconds":	1.0000009536743164,
						"bytes":	24844784,
						"bits_per_second":	198758082.4495216,
						"jitter_ms":	0.0214143227593121,
						"lost_packets":	0,
						"packets":	17158,
						"lost_percent":	0,
						"omitted":	false,
						"sender":	false
					}],
				"sum":	{
					"start":	7.00503,
					"end":	8.005031,
					"seconds":	1.0000009536743164,
					"bytes":	24844784,
					"bits_per_second":	198758082.4495216,
					"jitter_ms":	0.0214143227593121,
					"lost_packets":	0,
					"packets":	17158,
					"lost_percent":	0,
					"omitted":	false,
					"sender":	false
				}
			}, {
				"streams":	[{
						"socket":	5,
						"start":	8.005031,
						"end":	9.005026,
						"seconds":	0.999994993209839,
						"bytes":	23189720,
						"bits_per_second":	185518688.85314605,
						"jitter_ms":	0.16455143485050128,
						"lost_packets":	0,
						"packets":	16015,
						"lost_percent":	0,
						"omitted":	false,
						"sender":	false
					}],
				"sum":	{
					"start":	8.005031,
					"end":	9.005026,
					"seconds":	0.999994993209839,
					"bytes":	23189720,
					"bits_per_second":	185518688.85314605,
					"jitter_ms":	0.16455143485050128,
					"lost_packets":	0,
					"packets":	16015,
					"lost_percent":	0,
					"omitted":	false,
					"sender":	false
				}
			}, {
				"streams":	[{
						"socket":	5,
						"start":	9.005026,
						"end":	10.005029,
						"seconds":	1.0000029802322388,
						"bytes":	21000344,
						"bits_per_second":	168002251.31427446,
						"jitter_ms":	0.12015098427724143,
						"lost_packets":	0,
						"packets":	14503,
						"lost_percent":	0,
						"omitted":	false,
						"sender":	false
					}],
				"sum":	{
					"start":	9.005026,
					"end":	10.005029,
					"seconds":	1.0000029802322388,
					"bytes":	21000344,
					"bits_per_second":	168002251.31427446,
					"jitter_ms":	0.12015098427724143,
					"lost_packets":	0,
					"packets":	14503,
					"lost_percent":	0,
					"omitted":	false,
					"sender":	false
				}
			}, {
				"streams":	[{
						"socket":	5,
						"start":	10.005029,
						"end":	11.005028,
						"seconds":	0.99999898672103882,
						"bytes":	15361832,
						"bits_per_second":	122894780.52669555,
						"jitter_ms":	0.015659923880264257,
						"lost_packets":	0,
						"packets":	10612,
						"lost_percent":	0,
						"omitted":	false,
						"sender":	false
					}],
				"sum":	{
					"start":	10.005029,
					"end":	11.005028,
					"seconds":	0.99999898672103882,
					"bytes":	15361832,
					"bits_per_second":	122894780.52669555,
					"jitter_ms":	0.015659923880264257,
					"lost_packets":	0,
					"packets":	10612,
					"lost_percent":	0,
					"omitted":	false,
					"sender":	false
				}
			}, {
				"streams":	[{
						"socket":	5,
						"start":	11.005028,
						"end":	12.005038,
						"seconds":	1.0000100135803223,
						"bytes":	15104088,
						"bits_per_second":	120831494.04412892,
						"jitter_ms":	0.0596962611633088,
						"lost_packets":	0,
						"packets":	10431,
						"lost_percent":	0,
						"omitted":	false,
						"sender":	false
					}],
				"sum":	{
					"start":	11.005028,
					"end":	12.005038,
					"seconds":	1.0000100135803223,
					"bytes":	15104088,
					"bits_per_second":	120831494.04412892,
					"jitter_ms":	0.0596962611633088,
					"lost_packets":	0,
					"packets":	10431,
					"lost_percent":	0,
					"omitted":	false,
					"sender":	false
				}
			}, {
				"streams":	[{
						"socket":	5,
						"start":	12.005038,
						"end":	13.005031,
						"seconds":	0.99999302625656128,
						"bytes":	16049632,
						"bits_per_second":	128397951.41437122,
						"jitter_ms":	0.023724151656254584,
						"lost_packets":	0,
						"packets":	11084,
						"lost_percent":	0,
						"omitted":	false,
						"sender":	false
					}],
				"sum":	{
					"start":	12.005038,
					"end":	13.005031,
					"seconds":	0.99999302625656128,
					"bytes":	16049632,
					"bits_per_second":	128397951.41437122,
					"jitter_ms":	0.023724151656254584,
					"lost_packets":	0,
					"packets":	11084,
					"lost_percent":	0,
					"omitted":	false,
					"sender":	false
				}
			}, {
				"streams":	[{
						"socket":	5,
						"start":	13.005031,
						"end":	14.005032,
						"seconds":	1.0000009536743164,
						"bytes":	16217600,
						"bits_per_second":	129740676.26964925,
						"jitter_ms":	0.10021346037657659,
						"lost_packets":	0,
						"packets":	11200,
						"lost_percent":	0,
						"omitted":	false,
						"sender":	false
					}],
				"sum":	{
					"start":	13.005031,
					"end":	14.005032,
					"seconds":	1.0000009536743164,
					"bytes":	16217600,
					"bits_per_second":	129740676.26964925,
					"jitter_ms":	0.10021346037657659,
					"lost_packets":	0,
					"packets":	11200,
					"lost_percent":	0,
					"omitted":	false,
					"sender":	false
				}
			}, {
				"streams":	[{
						"socket":	5,
						"start":	14.005032,
						"end":	15.005031,
						"seconds":	0.99999898672103882,
						"bytes":	14423528,
						"bits_per_second":	115388340.92057823,
						"jitter_ms":	0.32358337421991668,
						"lost_packets":	1064,
						"packets":	11025,
						"lost_percent":	9.65079365079365,
						"omitted":	false,
						"sender":	false
					}],
				"sum":	{
					"start":	14.005032,
					"end":	15.005031,
					"seconds":	0.99999898672103882,
					"bytes":	14423528,
					"bits_per_second":	115388340.92057823,
					"jitter_ms":	0.32358337421991668,
					"lost_packets":	1064,
					"packets":	11025,
					"lost_percent":	9.65079365079365,
					"omitted":	false,
					"sender":	false
				}
			}, {
				"streams":	[{
						"socket":	5,
						"start":	15.005031,
						"end":	16.005033,
						"seconds":	1.0000020265579224,
						"bytes":	13999264,
						"bits_per_second":	111993885.03790502,
						"jitter_ms":	0.088697700978205549,
						"lost_packets":	2652,
						"packets":	12320,
						"lost_percent":	21.525974025974026,
						"omitted":	false,
						"sender":	false
					}],
				"sum":	{
					"start":	15.005031,
					"end":	16.005033,
					"seconds":	1.0000020265579224,
					"bytes":	13999264,
					"bits_per_second":	111993885.03790502,
					"jitter_ms":	0.088697700978205549,
					"lost_packets":	2652,
					"packets":	12320,
					"lost_percent":	21.525974025974026,
					"omitted":	false,
					"sender":	false
				}
			}, {
				"streams":	[{
						"socket":	5,
						"start":	16.005033,
						"end":	17.005028,
						"seconds":	0.999994993209839,
						"bytes":	15729624,
						"bits_per_second":	125837622.04256794,
						"jitter_ms":	0.020155176759421193,
						"lost_packets":	7443,
						"packets":	18306,
						"lost_percent":	40.658800393313669,
						"omitted":	false,
						"sender":	false
					}],
				"sum":	{
					"start":	16.005033,
					"end":	17.005028,
					"seconds":	0.999994993209839,
					"bytes":	15729624,
					"bits_per_second":	125837622.04256794,
					"jitter_ms":	0.020155176759421193,
					"lost_packets":	7443,
					"packets":	18306,
					"lost_percent":	40.658800393313669,
					"omitted":	false,
					"sender":	false
				}
			}, {
				"streams":	[{
						"socket":	5,
						"start":	17.005028,
						"end":	18.005033,
						"seconds":	1.0000050067901611,
						"bytes":	19747824,
						"bits_per_second":	157981801.018273,
						"jitter_ms":	0.36736773526174654,
						"lost_packets":	10222,
						"packets":	23860,
						"lost_percent":	42.84157585917854,
						"omitted":	false,
						"sender":	false
					}],
				"sum":	{
					"start":	17.005028,
					"end":	18.005033,
					"seconds":	1.0000050067901611,
					"bytes":	19747824,
					"bits_per_second":	157981801.018273,
					"jitter_ms":	0.36736773526174654,
					"lost_packets":	10222,
					"packets":	23860,
					"lost_percent":	42.84157585917854,
					"omitted":	false,
					"sender":	false
				}
			}, {
				"streams":	[{
						"socket":	5,
						"start":	18.005033,
						"end":	19.005025,
						"seconds":	0.9999920129776,
						"bytes":	16288552,
						"bits_per_second":	130309456.78455026,
						"jitter_ms":	0.59491568754699176,
						"lost_packets":	6204,
						"packets":	17453,
						"lost_percent":	35.546897381539,
						"omitted":	false,
						"sender":	false
					}],
				"sum":	{
					"start":	18.005033,
					"end":	19.005025,
					"seconds":	0.9999920129776,
					"bytes":	16288552,
					"bits_per_second":	130309456.78455026,
					"jitter_ms":	0.59491568754699176,
					"lost_packets":	6204,
					"packets":	17453,
					"lost_percent":	35.546897381539,
					"omitted":	false,
					"sender":	false
				}
			}, {
				"streams":	[{
						"socket":	5,
						"start":	19.005025,
						"end":	20.005031,
						"seconds":	1.0000059604644775,
						"bytes":	15513872,
						"bits_per_second":	124110236.24534556,
						"jitter_ms":	0.044915771833735,
						"lost_packets":	5182,
						"packets":	15896,
						"lost_percent":	32.599396074484147,
						"omitted":	false,
						"sender":	false
					}],
				"sum":	{
					"start":	19.005025,
					"end":	20.005031,
					"seconds":	1.0000059604644775,
					"bytes":	15513872,
					"bits_per_second":	124110236.24534556,
					"jitter_ms":	0.044915771833735,
					"lost_packets":	5182,
					"packets":	15896,
					"lost_percent":	32.599396074484147,
					"omitted":	false,
					"sender":	false
				}
			}, {
				"streams":	[{
						"socket":	5,
						"start":	20.005031,
						"end":	21.005032,
						"seconds":	1.0000009536743164,
						"bytes":	23608192,
						"bits_per_second":	188865355.88396084,
						"jitter_ms":	0.017160440724736121,
						"lost_packets":	6440,
						"packets":	22744,
						"lost_percent":	28.315160042208934,
						"omitted":	false,
						"sender":	false
					}],
				"sum":	{
					"start":	20.005031,
					"end":	21.005032,
					"seconds":	1.0000009536743164,
					"bytes":	23608192,
					"bits_per_second":	188865355.88396084,
					"jitter_ms":	0.017160440724736121,
					"lost_packets":	6440,
					"packets":	22744,
					"lost_percent":	28.315160042208934,
					"omitted":	false,
					"sender":	false
				}
			}, {
				"streams":	[{
						"socket":	5,
						"start":	21.005032,
						"end":	21.436481,
						"seconds":	0.43144899606704712,
						"bytes":	12200848,
						"bits_per_second":	226230179.90481526,
						"jitter_ms":	0.0222630820733753,
						"lost_packets":	5615,
						"packets":	14041,
						"lost_percent":	39.990029200199416,
						"omitted":	false,
						"sender":	false
					}],
				"sum":	{
					"start":	21.005032,
					"end":	21.436481,
					"seconds":	0.43144899606704712,
					"bytes":	12200848,
					"bits_per_second":	226230179.90481526,
					"jitter_ms":	0.0222630820733753,
					"lost_packets":	5615,
					"packets":	14041,
					"lost_percent":	39.990029200199416,
					"omitted":	false,
					"sender":	false
				}
			}],
		"end":	{
			"streams":	[{
					"udp":	{
						"socket":	5,
						"start":	0,
						"end":	21.436481,
						"seconds":	21.436481,
						"bytes":	0,
						"bits_per_second":	0,
						"jitter_ms":	0.0222630820733753,
						"lost_packets":	44822,
						"packets":	329708,
						"lost_percent":	0,
						"out_of_order":	16,
						"sender":	false
					}
				}],
			"sum":	{
				"start":	0,
				"end":	21.436481,
				"seconds":	21.436481,
				"bytes":	0,
				"bits_per_second":	0,
				"jitter_ms":	0.0222630820733753,
				"lost_packets":	44822,
				"packets":	329708,
				"lost_percent":	13.594453273805913,
				"sender":	false
			},
			"sum_sent":	{
				"start":	0,
				"end":	21.436481,
				"seconds":	21.436481,
				"bytes":	0,
				"bits_per_second":	0,
				"jitter_ms":	0,
				"lost_packets":	0,
				"packets":	0,
				"lost_percent":	0,
				"sender":	true
			},
			"sum_received":	{
				"start":	0,
				"end":	21.436481,
				"seconds":	21.436481,
				"bytes":	412514928,
				"bits_per_second":	153948748.58424756,
				"jitter_ms":	0.0222630820733753,
				"lost_packets":	44822,
				"packets":	329708,
				"lost_percent":	13.594453273805913,
				"sender":	false
			},
			"cpu_utilization_percent":	{
				"host_total":	2.9532744391099839,
				"host_user":	0.538086631728456,
				"host_system":	2.4152111320727516,
				"remote_total":	0,
				"remote_user":	0,
				"remote_system":	0
			}
		}
	}
}
