{
	"start":	{
		"connected":	[{
				"socket":	5,
				"local_host":	"192.168.150.220",
				"local_port":	49312,
				"remote_host":	"192.168.150.2",
				"remote_port":	5201
			}],
		"version":	"iperf 3.16",
		"system_info":	"Linux paulo-lance 6.14.0-37-generic #37~24.04.1-Ubuntu SMP PREEMPT_DYNAMIC Thu Nov 20 10:25:38 UTC 2 x86_64",
		"timestamp":	{
			"time":	"Thu, 01 Oct 2026 16:45:07 GMT",
			"timesecs":	1790873107
		},
		"connecting_to":	{
			"host":	"192.168.150.2",
			"port":	5201
		},
		"cookie":	"24bgcpxc7syzdpa5zlfuygooeb6tadba5xmc",
		"target_bitrate":	100000000,
		"fq_rate":	0,
		"sock_bufsize":	0,
		"sndbuf_actual":	212992,
		"rcvbuf_actual":	212992,
		"test_start":	{
			"protocol":	"UDP",
			"num_streams":	1,
			"blksize":	1448,
			"omit":	0,
			"duration":	20,
			"bytes":	0,
			"blocks":	0,
			"reverse":	0,
			"tos":	0,
			"target_bitrate":	100000000,
			"bidir":	0,
			"fqrate":	0
		}
	},
	"intervals":	[{
			"streams":	[{
					"socket":	5,
					"start":	0,
					"end":	1.000058,
					"seconds":	1.0000580549240112,
					"bytes":	12489000,
					"bits_per_second":	99906199.953153476,
					"packets":	8625,
					"omitted":	false,
					"sender":	true
				}],
			"sum":	{
				"start":	0,
				"end":	1.000058,
				"seconds":	1.0000580549240112,
				"bytes":	12489000,
				"bits_per_second":	99906199.953153476,
				"packets":	8625,
				"omitted":	false,
				"sender":	true
			}
		}, {
			"streams":	[{
					"socket":	5,
					"start":	1.000058,
					"end":	2.000059,
					"seconds":	1.0000009536743164,
					"bytes":	12500584,
					"bits_per_second":	100004576.62820375,
					"packets":	8633,
					"omitted":	false,
					"sender":	true
				}],
			"sum":	{
				"start":	1.000058,
				"end":	2.000059,
				"seconds":	1.0000009536743164,
				"bytes":	12500584,
				"bits_per_second":	100004576.62820375,
				"packets":	8633,
				"omitted":	false,
				"sender":	true
			}
		}, {
			"streams":	[{
					"socket":	5,
					"start":	2.000059,
					"end":	3.000058,
					"seconds":	0.99999898672103882,
					"bytes":	12499136,
					"bits_per_second":	99993189.320995,
					"packets":	8632,
					"omitted":	false,
					"sender":	true
				}],
			"sum":	{
				"start":	2.000059,
				"end":	3.000058,
				"seconds":	0.99999898672103882,
				"bytes":	12499136,
				"bits_per_second":	99993189.320995,
				"packets":	8632,
				"omitted":	false,
				"sender":	true
			}
		}, {
			"streams":	[{
					"socket":	5,
					"start":	3.000058,
					"end":	4.000058,
					"seconds":	1,
					"bytes":	12500584,
					"bits_per_second":	100004672,
					"packets":	8633,
					"omitted":	false,
					"sender":	true
				}],
			"sum":	{
				"start":	3.000058,
				"end":	4.000058,
				"seconds":	1,
				"bytes":	12500584,
				"bits_per_second":	100004672,
				"packets":	8633,
				"omitted":	false,
				"sender":	true
			}
		}, {
			"streams":	[{
					"socket":	5,
					"start":	4.000058,
					"end":	5.000077,
					"seconds":	1.0000189542770386,
					"bytes":	12500584,
					"bits_per_second":	100002776.51966922,
					"packets":	8633,
					"omitted":	false,
					"sender":	true
				}],
			"sum":	{
				"start":	4.000058,
				"end":	5.000077,
				"seconds":	1.0000189542770386,
				"bytes":	12500584,
				"bits_per_second":	100002776.51966922,
				"packets":	8633,
				"omitted":	false,
				"sender":	true
			}
		}, {
			"streams":	[{
					"socket":	5,
					"start":	5.000077,
					"end":	6.000059,
					"seconds":	0.99998199939727783,
					"bytes":	12499136,
					"bits_per_second":	99994887.968252569,
					"packets":	8632,
					"omitted":	false,
					"sender":	true
				}],
			"sum":	{
				"start":	5.000077,
				"end":	6.000059,
				"seconds":	0.99998199939727783,
				"bytes":	12499136,
				"bits_per_second":	99994887.968252569,
				"packets":	8632,
				"omitted":	false,
				"sender":	true
			}
		}, {
			"streams":	[{
					"socket":	5,
					"start":	6.000059,
					"end":	7.000059,
					"seconds":	1,
					"bytes":	12500584,
					"bits_per_second":	100004672,
					"packets":	8633,
					"omitted":	false,
					"sender":	true
				}],
			"sum":	{
				"start":	6.000059,
				"end":	7.000059,
				"seconds":	1,
				"bytes":	12500584,
				"bits_per_second":	100004672,
				"packets":	8633,
				"omitted":	false,
				"sender":	true
			}
		}, {
			"streams":	[{
					"socket":	5,
					"start":	7.000059,
					"end":	8.000058,
					"seconds":	0.99999898672103882,
					"bytes":	12499136,
					"bits_per_second":	99993189.320995,
					"packets":	8632,
					"omitted":	false,
					"sender":	true
				}],
			"sum":	{
				"start":	7.000059,
				"end":	8.000058,
				"seconds":	0.99999898672103882,
				"bytes":	12499136,
				"bits_per_second":	99993189.320995,
				"packets":	8632,
				"omitted":	false,
				"sender":	true
			}
		}, {
			"streams":	[{
					"socket":	5,
					"start":	8.000058,
					"end":	9.000059,
					"seconds":	1.0000009536743164,
					"bytes":	12500584,
					"bits_per_second":	100004576.62820375,
					"packets":	8633,
					"omitted":	false,
					"sender":	true
				}],
			"sum":	{
				"start":	8.000058,
				"end":	9.000059,
				"seconds":	1.0000009536743164,
				"bytes":	12500584,
				"bits_per_second":	100004576.62820375,
				"packets":	8633,
				"omitted":	false,
				"sender":	true
			}
		}, {
			"streams":	[{
					"socket":	5,
					"start":	9.000059,
					"end":	10.000076,
					"seconds":	1.0000170469284058,
					"bytes":	12500584,
					"bits_per_second":	100002967.25657681,
					"packets":	8633,
					"omitted":	false,
					"sender":	true
				}],
			"sum":	{
				"start":	9.000059,
				"end":	10.000076,
				"seconds":	1.0000170469284058,
				"bytes":	12500584,
				"bits_per_second":	100002967.25657681,
				"packets":	8633,
				"omitted":	false,
				"sender":	true
			}
		}, {
			"streams":	[{
					"socket":	5,
					"start":	10.000076,
					"end":	11.000076,
					"seconds":	1,
					"bytes":	12499136,
					"bits_per_second":	99993088,
					"packets":	8632,
					"omitted":	false,
					"sender":	true
				}],
			"sum":	{
				"start":	10.000076,
				"end":	11.000076,
				"seconds":	1,
				"bytes":	12499136,
				"bits_per_second":	99993088,
				"packets":	8632,
				"omitted":	false,
				"sender":	true
			}
		}, {
			"streams":	[{
					"socket":	5,
					"start":	11.000076,
					"end":	12.000058,
					"seconds":	0.99998199939727783,
					"bytes":	12500584,
					"bits_per_second":	100006472.17677531,
					"packets":	8633,
					"omitted":	false,
					"sender":	true
				}],
			"sum":	{
				"start":	11.000076,
				"end":	12.000058,
				"seconds":	0.99998199939727783,
				"bytes":	12500584,
				"bits_per_second":	100006472.17677531,
				"packets":	8633,
				"omitted":	false,
				"sender":	true
			}
		}, {
			"streams":	[{
					"socket":	5,
					"start":	12.000058,
					"end":	13.000076,
					"seconds":	1.0000180006027222,
					"bytes":	12500584,
					"bits_per_second":	100002871.88803206,
					"packets":	8633,
					"omitted":	false,
					"sender":	true
				}],
			"sum":	{
				"start":	12.000058,
				"end":	13.000076,
				"seconds":	1.0000180006027222,
				"bytes":	12500584,
				"bits_per_second":	100002871.88803206,
				"packets":	8633,
				"omitted":	false,
				"sender":	true
			}
		}, {
			"streams":	[{
					"socket":	5,
					"start":	13.000076,
					"end":	14.000058,
					"seconds":	0.99998199939727783,
					"bytes":	12499136,
					"bits_per_second":	99994887.968252569,
					"packets":	8632,
					"omitted":	false,
					"sender":	true
				}],
			"sum":	{
				"start":	13.000076,
				"end":	14.000058,
				"seconds":	0.99998199939727783,
				"bytes":	12499136,
				"bits_per_second":	99994887.968252569,
				"packets":	8632,
				"omitted":	false,
				"sender":	true
			}
		}, {
			"streams":	[{
					"socket":	5,
					"start":	14.000058,
					"end":	15.000057,
					"seconds":	0.99999898672103882,
					"bytes":	11329152,
					"bits_per_second":	90633307.836824,
					"packets":	7825,
					"omitted":	false,
					"sender":	true
				}],
			"sum":	{
				"start":	14.000058,
				"end":	15.000057,
				"seconds":	0.99999898672103882,
				"bytes":	11329152,
				"bits_per_second":	90633307.836824,
				"packets":	7825,
				"omitted":	false,
				"sender":	true
			}
		}, {
			"streams":	[{
					"socket":	5,
					"start":	15.000057,
					"end":	16.000058,
					"seconds":	1.0000009536743164,
					"bytes":	13670568,
					"bits_per_second":	109364439.70194273,
					"packets":	9440,
					"omitted":	false,
					"sender":	true
				}],
			"sum":	{
				"start":	15.000057,
				"end":	16.000058,
				"seconds":	1.0000009536743164,
				"bytes":	13670568,
				"bits_per_second":	109364439.70194273,
				"packets":	9440,
				"omitted":	false,
				"sender":	true
			}
		}, {
			"streams":	[{
					"socket":	5,
					"start":	16.000058,
					"end":	17.000058,
					"seconds":	1,
					"bytes":	12500584,
					"bits_per_second":	100004672,
					"packets":	8633,
					"omitted":	false,
					"sender":	true
				}],
			"sum":	{
				"start":	16.000058,
				"end":	17.000058,
				"seconds":	1,
				"bytes":	12500584,
				"bits_per_second":	100004672,
				"packets":	8633,
				"omitted":	false,
				"sender":	true
			}
		}, {
			"streams":	[{
					"socket":	5,
					"start":	17.000058,
					"end":	18.000076,
					"seconds":	1.0000180006027222,
					"bytes":	12500584,
					"bits_per_second":	100002871.88803206,
					"packets":	8633,
					"omitted":	false,
					"sender":	true
				}],
			"sum":	{
				"start":	17.000058,
				"end":	18.000076,
				"seconds":	1.0000180006027222,
				"bytes":	12500584,
				"bits_per_second":	100002871.88803206,
				"packets":	8633,
				"omitted":	false,
				"sender":	true
			}
		}, {
			"streams":	[{
					"socket":	5,
					"start":	18.000076,
					"end":	19.000058,
					"seconds":	0.99998199939727783,
					"bytes":	12499136,
					"bits_per_second":	99994887.968252569,
					"packets":	8632,
					"omitted":	false,
					"sender":	true
				}],
			"sum":	{
				"start":	18.000076,
				"end":	19.000058,
				"seconds":	0.99998199939727783,
				"bytes":	12499136,
				"bits_per_second":	99994887.968252569,
				"packets":	8632,
				"omitted":	false,
				"sender":	true
			}
		}, {
			"streams":	[{
					"socket":	5,
					"start":	19.000058,
					"end":	20.000256,
					"seconds":	1.0001980066299438,
					"bytes":	12500584,
					"bits_per_second":	99984874.331988171,
					"packets":	8633,
					"omitted":	false,
					"sender":	true
				}],
			"sum":	{
				"start":	19.000058,
				"end":	20.000256,
				"seconds":	1.0001980066299438,
				"bytes":	12500584,
				"bits_per_second":	99984874.331988171,
				"packets":	8633,
				"omitted":	false,
				"sender":	true
			}
		}],
	"end":	{
		"streams":	[{
				"udp":	{
					"socket":	5,
					"start":	0,
					"end":	20.000256,
					"seconds":	20.000256,
					"bytes":	249989960,
					"bits_per_second":	99994704.06778793,
					"jitter_ms":	0.058750857215111384,
					"lost_packets":	0,
					"packets":	172645,
					"lost_percent":	0,
					"out_of_order":	0,
					"sender":	true
				}
			}],
		"sum":	{
			"start":	0,
			"end":	20.006167,
			"seconds":	20.006167,
			"bytes":	249989960,
			"bits_per_second":	99994704.06778793,
			"jitter_ms":	0.058750857215111384,
			"lost_packets":	0,
			"packets":	172645,
			"lost_percent":	0,
			"sender":	true
		},
		"sum_sent":	{
			"start":	0,
			"end":	20.000256,
			"seconds":	20.000256,
			"bytes":	249989960,
			"bits_per_second":	99994704.06778793,
			"jitter_ms":	0,
			"lost_packets":	0,
			"packets":	172645,
			"lost_percent":	0,
			"sender":	true
		},
		"sum_received":	{
			"start":	0,
			"end":	20.006167,
			"seconds":	20.006167,
			"bytes":	249989960,
			"bits_per_second":	99965159.742993236,
			"jitter_ms":	0.058750857215111384,
			"lost_packets":	0,
			"packets":	172645,
			"lost_percent":	0,
			"sender":	false
		},
		"cpu_utilization_percent":	{
			"host_total":	96.267807172825954,
			"host_user":	95.984703480086139,
			"host_system":	0.28310868742397466,
			"remote_total":	2.0614111686788261,
			"remote_user":	0.371324926405307,
			"remote_system":	1.6900862422735192
		}
	},
	"extra_data":	"7323d706-9406-42a1-b7ba-db0d86b4ca71",
	"server_output_json":	{
		"start":	{
			"connected":	[{
					"socket":	5,
					"local_host":	"192.168.150.2",
					"local_port":	5201,
					"remote_host":	"192.168.150.220",
					"remote_port":	49312
				}],
			"version":	"iperf 3.22",
			"system_info":	"Darwin MacPaulo.local 25.6.0 Darwin Kernel Version 25.6.0: Tue Aug 18 17:51:33 PDT 2026; root:xnu-12377.161.15.700.19~2/RELEASE_ARM64_T8132 arm64",
			"target_bitrate":	100000000,
			"timestamp":	{
				"time":	"Thu, 01 Oct 2026 16:45:07 UTC",
				"timesecs":	1790873107,
				"timemillisecs":	1790873107184
			},
			"accepted_connection":	{
				"host":	"192.168.150.220",
				"port":	56840
			},
			"cookie":	"24bgcpxc7syzdpa5zlfuygooeb6tadba5xmc",
			"target_bitrate":	100000000,
			"fq_rate":	0,
			"sock_bufsize":	0,
			"sndbuf_actual":	9216,
			"rcvbuf_actual":	786896,
			"test_start":	{
				"protocol":	"UDP",
				"num_streams":	1,
				"blksize":	1448,
				"omit":	0,
				"duration":	20,
				"bytes":	0,
				"blocks":	0,
				"reverse":	0,
				"tos":	0,
				"target_bitrate":	100000000,
				"bidir":	0,
				"fqrate":	0,
				"interval":	1,
				"gso":	0,
				"gro":	0
			}
		},
		"intervals":	[{
				"streams":	[{
						"socket":	5,
						"start":	0,
						"end":	1.005031,
						"seconds":	1.0050309896469116,
						"bytes":	12464384,
						"bits_per_second":	99215917.745016,
						"jitter_ms":	0.156887880973092,
						"lost_packets":	0,
						"packets":	8608,
						"lost_percent":	0,
						"omitted":	false,
						"sender":	false
					}],
				"sum":	{
					"start":	0,
					"end":	1.005031,
					"seconds":	1.0050309896469116,
					"bytes":	12464384,
					"bits_per_second":	99215917.745016,
					"jitter_ms":	0.156887880973092,
					"lost_packets":	0,
					"packets":	8608,
					"lost_percent":	0,
					"omitted":	false,
					"sender":	false
				}
			}, {
				"streams":	[{
						"socket":	5,
						"start":	1.005031,
						"end":	2.00504,
						"seconds":	1.0000089406967163,
						"bytes":	12512168,
						"bits_per_second":	100096449.0680065,
						"jitter_ms":	0.16133298570531232,
						"lost_packets":	0,
						"packets":	8641,
						"lost_percent":	0,
						"omitted":	false,
						"sender":	false
					}],
				"sum":	{
					"start":	1.005031,
					"end":	2.00504,
					"seconds":	1.0000089406967163,
					"bytes":	12512168,
					"bits_per_second":	100096449.0680065,
					"jitter_ms":	0.16133298570531232,
					"lost_packets":	0,
					"packets":	8641,
					"lost_percent":	0,
					"omitted":	false,
					"sender":	false
				}
			}, {
				"streams":	[{
						"socket":	5,
						"start":	2.00504,
						"end":	3.005023,
						"seconds":	0.999983012676239,
						"bytes":	12487552,
						"bits_per_second":	99902113.0695391,
						"jitter_ms":	0.10217596824840643,
						"lost_packets":	0,
						"packets":	8624,
						"lost_percent":	0,
						"omitted":	false,
						"sender":	false
					}],
				"sum":	{
					"start":	2.00504,
					"end":	3.005023,
					"seconds":	0.999983012676239,
					"bytes":	12487552,
					"bits_per_second":	99902113.0695391,
					"jitter_ms":	0.10217596824840643,
					"lost_packets":	0,
					"packets":	8624,
					"lost_percent":	0,
					"omitted":	false,
					"sender":	false
				}
			}, {
				"streams":	[{
						"socket":	5,
						"start":	3.005023,
						"end":	4.00504,
						"seconds":	1.0000170469284058,
						"bytes":	12512168,
						"bits_per_second":	100095637.6768308,
						"jitter_ms":	0.09694147172352284,
						"lost_packets":	0,
						"packets":	8641,
						"lost_percent":	0,
						"omitted":	false,
						"sender":	false
					}],
				"sum":	{
					"start":	3.005023,
					"end":	4.00504,
					"seconds":	1.0000170469284058,
					"bytes":	12512168,
					"bits_per_second":	100095637.6768308,
					"jitter_ms":	0.09694147172352284,
					"lost_packets":	0,
					"packets":	8641,
					"lost_percent":	0,
					"omitted":	false,
					"sender":	false
				}
			}, {
				"streams":	[{
						"socket":	5,
						"start":	4.00504,
						"end":	5.005029,
						"seconds":	0.99998897314071655,
						"bytes":	12462936,
						"bits_per_second":	99704587.4284555,
						"jitter_ms":	0.10913524774053156,
						"lost_packets":	0,
						"packets":	8607,
						"lost_percent":	0,
						"omitted":	false,
						"sender":	false
					}],
				"sum":	{
					"start":	4.00504,
					"end":	5.005029,
					"seconds":	0.99998897314071655,
					"bytes":	12462936,
					"bits_per_second":	99704587.4284555,
					"jitter_ms":	0.10913524774053156,
					"lost_packets":	0,
					"packets":	8607,
					"lost_percent":	0,
					"omitted":	false,
					"sender":	false
				}
			}, {
				"streams":	[{
						"socket":	5,
						"start":	5.005029,
						"end":	6.003859,
						"seconds":	0.998830020427704,
						"bytes":	12512168,
						"bits_per_second":	100214593.02668719,
						"jitter_ms":	0.12212197823766296,
						"lost_packets":	0,
						"packets":	8641,
						"lost_percent":	0,
						"omitted":	false,
						"sender":	false
					}],
				"sum":	{
					"start":	5.005029,
					"end":	6.003859,
					"seconds":	0.998830020427704,
					"bytes":	12512168,
					"bits_per_second":	100214593.02668719,
					"jitter_ms":	0.12212197823766296,
					"lost_packets":	0,
					"packets":	8641,
					"lost_percent":	0,
					"omitted":	false,
					"sender":	false
				}
			}, {
				"streams":	[{
						"socket":	5,
						"start":	6.003859,
						"end":	7.001915,
						"seconds":	0.99805599451065063,
						"bytes":	12464384,
						"bits_per_second":	99909296.220289275,
						"jitter_ms":	0.17294631031574259,
						"lost_packets":	0,
						"packets":	8608,
						"lost_percent":	0,
						"omitted":	false,
						"sender":	false
					}],
				"sum":	{
					"start":	6.003859,
					"end":	7.001915,
					"seconds":	0.99805599451065063,
					"bytes":	12464384,
					"bits_per_second":	99909296.220289275,
					"jitter_ms":	0.17294631031574259,
					"lost_packets":	0,
					"packets":	8608,
					"lost_percent":	0,
					"omitted":	false,
					"sender":	false
				}
			}, {
				"streams":	[{
						"socket":	5,
						"start":	7.001915,
						"end":	8.005029,
						"seconds":	1.0031139850616455,
						"bytes":	12548368,
						"bits_per_second":	100075310.9765794,
						"jitter_ms":	0.10721790089190943,
						"lost_packets":	0,
						"packets":	8666,
						"lost_percent":	0,
						"omitted":	false,
						"sender":	false
					}],
				"sum":	{
					"start":	7.001915,
					"end":	8.005029,
					"seconds":	1.0031139850616455,
					"bytes":	12548368,
					"bits_per_second":	100075310.9765794,
					"jitter_ms":	0.10721790089190943,
					"lost_packets":	0,
					"packets":	8666,
					"lost_percent":	0,
					"omitted":	false,
					"sender":	false
				}
			}, {
				"streams":	[{
						"socket":	5,
						"start":	8.005029,
						"end":	9.005038,
						"seconds":	1.0000089406967163,
						"bytes":	12512168,
						"bits_per_second":	100096449.0680065,
						"jitter_ms":	0.11831068023319412,
						"lost_packets":	0,
						"packets":	8641,
						"lost_percent":	0,
						"omitted":	false,
						"sender":	false
					}],
				"sum":	{
					"start":	8.005029,
					"end":	9.005038,
					"seconds":	1.0000089406967163,
					"bytes":	12512168,
					"bits_per_second":	100096449.0680065,
					"jitter_ms":	0.11831068023319412,
					"lost_packets":	0,
					"packets":	8641,
					"lost_percent":	0,
					"omitted":	false,
					"sender":	false
				}
			}, {
				"streams":	[{
						"socket":	5,
						"start":	9.005038,
						"end":	10.001171,
						"seconds":	0.996133029460907,
						"bytes":	12425288,
						"bits_per_second":	99788181.959788159,
						"jitter_ms":	0.10560818245779063,
						"lost_packets":	0,
						"packets":	8581,
						"lost_percent":	0,
						"omitted":	false,
						"sender":	false
					}],
				"sum":	{
					"start":	9.005038,
					"end":	10.001171,
					"seconds":	0.996133029460907,
					"bytes":	12425288,
					"bits_per_second":	99788181.959788159,
					"jitter_ms":	0.10560818245779063,
					"lost_packets":	0,
					"packets":	8581,
					"lost_percent":	0,
					"omitted":	false,
					"sender":	false
				}
			}, {
				"streams":	[{
						"socket":	5,
						"start":	10.001171,
						"end":	11.001993,
						"seconds":	1.0008219480514526,
						"bytes":	12513616,
						"bits_per_second":	100026711.23960339,
						"jitter_ms":	0.11361533540926853,
						"lost_packets":	0,
						"packets":	8642,
						"lost_percent":	0,
						"omitted":	false,
						"sender":	false
					}],
				"sum":	{
					"start":	10.001171,
					"end":	11.001993,
					"seconds":	1.0008219480514526,
					"bytes":	12513616,
					"bits_per_second":	100026711.23960339,
					"jitter_ms":	0.11361533540926853,
					"lost_packets":	0,
					"packets":	8642,
					"lost_percent":	0,
					"omitted":	false,
					"sender":	false
				}
			}, {
				"streams":	[{
						"socket":	5,
						"start":	11.001993,
						"end":	12.001885,
						"seconds":	0.999891996383667,
						"bytes":	12447008,
						"bits_per_second":	99586819.736670658,
						"jitter_ms":	0.12097254314650357,
						"lost_packets":	0,
						"packets":	8596,
						"lost_percent":	0,
						"omitted":	false,
						"sender":	false
					}],
				"sum":	{
					"start":	11.001993,
					"end":	12.001885,
					"seconds":	0.999891996383667,
					"bytes":	12447008,
					"bits_per_second":	99586819.736670658,
					"jitter_ms":	0.12097254314650357,
					"lost_packets":	0,
					"packets":	8596,
					"lost_percent":	0,
					"omitted":	false,
					"sender":	false
				}
			}, {
				"streams":	[{
						"socket":	5,
						"start":	12.001885,
						"end":	13.00187,
						"seconds":	0.9999849796295166,
						"bytes":	11990888,
						"bits_per_second":	95928544.88228406,
						"jitter_ms":	0.14955225788160567,
						"lost_packets":	0,
						"packets":	8281,
						"lost_percent":	0,
						"omitted":	false,
						"sender":	false
					}],
				"sum":	{
					"start":	12.001885,
					"end":	13.00187,
					"seconds":	0.9999849796295166,
					"bytes":	11990888,
					"bits_per_second":	95928544.88228406,
					"jitter_ms":	0.14955225788160567,
					"lost_packets":	0,
					"packets":	8281,
					"lost_percent":	0,
					"omitted":	false,
					"sender":	false
				}
			}, {
				"streams":	[{
						"socket":	5,
						"start":	13.00187,
						"end":	14.005033,
						"seconds":	1.0031629800796509,
						"bytes":	12736608,
						"bits_per_second":	101571595.0681411,
						"jitter_ms":	0.094426679770196045,
						"lost_packets":	0,
						"packets":	8796,
						"lost_percent":	0,
						"omitted":	false,
						"sender":	false
					}],
				"sum":	{
					"start":	13.00187,
					"end":	14.005033,
					"seconds":	1.0031629800796509,
					"bytes":	12736608,
					"bits_per_second":	101571595.0681411,
					"jitter_ms":	0.094426679770196045,
					"lost_packets":	0,
					"packets":	8796,
					"lost_percent":	0,
					"omitted":	false,
					"sender":	false
				}
			}, {
				"streams":	[{
						"socket":	5,
						"start":	14.005033,
						"end":	15.005028,
						"seconds":	0.999994993209839,
						"bytes":	11594136,
						"bits_per_second":	92753552.39757356,
						"jitter_ms":	0.14117015081505729,
						"lost_packets":	0,
						"packets":	8007,
						"lost_percent":	0,
						"omitted":	false,
						"sender":	false
					}],
				"sum":	{
					"start":	14.005033,
					"end":	15.005028,
					"seconds":	0.999994993209839,
					"bytes":	11594136,
					"bits_per_second":	92753552.39757356,
					"jitter_ms":	0.14117015081505729,
					"lost_packets":	0,
					"packets":	8007,
					"lost_percent":	0,
					"omitted":	false,
					"sender":	false
				}
			}, {
				"streams":	[{
						"socket":	5,
						"start":	15.005028,
						"end":	16.003507,
						"seconds":	0.99847900867462158,
						"bytes":	13756000,
						"bits_per_second":	110215637.02784041,
						"jitter_ms":	0.12118882116663938,
						"lost_packets":	0,
						"packets":	9500,
						"lost_percent":	0,
						"omitted":	false,
						"sender":	false
					}],
				"sum":	{
					"start":	15.005028,
					"end":	16.003507,
					"seconds":	0.99847900867462158,
					"bytes":	13756000,
					"bits_per_second":	110215637.02784041,
					"jitter_ms":	0.12118882116663938,
					"lost_packets":	0,
					"packets":	9500,
					"lost_percent":	0,
					"omitted":	false,
					"sender":	false
				}
			}, {
				"streams":	[{
						"socket":	5,
						"start":	16.003507,
						"end":	17.005023,
						"seconds":	1.0015159845352173,
						"bytes":	12546920,
						"bits_per_second":	100223422.84090665,
						"jitter_ms":	0.12081520131582985,
						"lost_packets":	0,
						"packets":	8665,
						"lost_percent":	0,
						"omitted":	false,
						"sender":	false
					}],
				"sum":	{
					"start":	16.003507,
					"end":	17.005023,
					"seconds":	1.0015159845352173,
					"bytes":	12546920,
					"bits_per_second":	100223422.84090665,
					"jitter_ms":	0.12081520131582985,
					"lost_packets":	0,
					"packets":	8665,
					"lost_percent":	0,
					"omitted":	false,
					"sender":	false
				}
			}, {
				"streams":	[{
						"socket":	5,
						"start":	17.005023,
						"end":	18.00503,
						"seconds":	1.0000070333480835,
						"bytes":	12435424,
						"bits_per_second":	99482692.30359675,
						"jitter_ms":	0.14328811451331175,
						"lost_packets":	0,
						"packets":	8588,
						"lost_percent":	0,
						"omitted":	false,
						"sender":	false
					}],
				"sum":	{
					"start":	17.005023,
					"end":	18.00503,
					"seconds":	1.0000070333480835,
					"bytes":	12435424,
					"bits_per_second":	99482692.30359675,
					"jitter_ms":	0.14328811451331175,
					"lost_packets":	0,
					"packets":	8588,
					"lost_percent":	0,
					"omitted":	false,
					"sender":	false
				}
			}, {
				"streams":	[{
						"socket":	5,
						"start":	18.00503,
						"end":	19.005025,
						"seconds":	0.999994993209839,
						"bytes":	12554160,
						"bits_per_second":	100433782.85087582,
						"jitter_ms":	0.11881515862629594,
						"lost_packets":	0,
						"packets":	8670,
						"lost_percent":	0,
						"omitted":	false,
						"sender":	false
					}],
				"sum":	{
					"start":	18.00503,
					"end":	19.005025,
					"seconds":	0.999994993209839,
					"bytes":	12554160,
					"bits_per_second":	100433782.85087582,
					"jitter_ms":	0.11881515862629594,
					"lost_packets":	0,
					"packets":	8670,
					"lost_percent":	0,
					"omitted":	false,
					"sender":	false
				}
			}, {
				"streams":	[{
						"socket":	5,
						"start":	19.005025,
						"end":	20.001845,
						"seconds":	0.99681997299194336,
						"bytes":	12451352,
						"bits_per_second":	99928591.6202294,
						"jitter_ms":	0.10944393818066959,
						"lost_packets":	0,
						"packets":	8599,
						"lost_percent":	0,
						"omitted":	false,
						"sender":	false
					}],
				"sum":	{
					"start":	19.005025,
					"end":	20.001845,
					"seconds":	0.99681997299194336,
					"bytes":	12451352,
					"bits_per_second":	99928591.6202294,
					"jitter_ms":	0.10944393818066959,
					"lost_packets":	0,
					"packets":	8599,
					"lost_percent":	0,
					"omitted":	false,
					"sender":	false
				}
			}, {
				"streams":	[{
						"socket":	5,
						"start":	20.001845,
						"end":	20.006167,
						"seconds":	0.0043219998478889465,
						"bytes":	62264,
						"bits_per_second":	115250351.11773539,
						"jitter_ms":	0.058750857215111384,
						"lost_packets":	0,
						"packets":	43,
						"lost_percent":	0,
						"omitted":	false,
						"sender":	false
					}],
				"sum":	{
					"start":	20.001845,
					"end":	20.006167,
					"seconds":	0.0043219998478889465,
					"bytes":	62264,
					"bits_per_second":	115250351.11773539,
					"jitter_ms":	0.058750857215111384,
					"lost_packets":	0,
					"packets":	43,
					"lost_percent":	0,
					"omitted":	false,
					"sender":	false
				}
			}],
		"end":	{
			"streams":	[{
					"udp":	{
						"socket":	5,
						"start":	0,
						"end":	20.006167,
						"seconds":	20.006167,
						"bytes":	0,
						"bits_per_second":	0,
						"jitter_ms":	0.058750857215111384,
						"lost_packets":	0,
						"packets":	172645,
						"lost_percent":	0,
						"out_of_order":	0,
						"sender":	false
					}
				}],
			"sum":	{
				"start":	0,
				"end":	20.006167,
				"seconds":	20.006167,
				"bytes":	0,
				"bits_per_second":	0,
				"jitter_ms":	0.058750857215111384,
				"lost_packets":	0,
				"packets":	172645,
				"lost_percent":	0,
				"sender":	false
			},
			"sum_sent":	{
				"start":	0,
				"end":	20.006167,
				"seconds":	20.006167,
				"bytes":	0,
				"bits_per_second":	0,
				"jitter_ms":	0,
				"lost_packets":	0,
				"packets":	0,
				"lost_percent":	0,
				"sender":	true
			},
			"sum_received":	{
				"start":	0,
				"end":	20.006167,
				"seconds":	20.006167,
				"bytes":	249989960,
				"bits_per_second":	99965159.742993236,
				"jitter_ms":	0.058750857215111384,
				"lost_packets":	0,
				"packets":	172645,
				"lost_percent":	0,
				"sender":	false
			},
			"cpu_utilization_percent":	{
				"host_total":	2.0614111686788261,
				"host_user":	0.371324926405307,
				"host_system":	1.6900862422735192,
				"remote_total":	0,
				"remote_user":	0,
				"remote_system":	0
			}
		}
	}
}
