{
	"start":	{
		"connected":	[{
				"socket":	5,
				"local_host":	"127.0.0.1",
				"local_port":	39509,
				"remote_host":	"127.0.0.1",
				"remote_port":	39771
			}],
		"version":	"iperf 3.16",
		"system_info":	"Linux paulo-lance 6.14.0-37-generic #37~24.04.1-Ubuntu SMP PREEMPT_DYNAMIC Thu Nov 20 10:25:38 UTC 2 x86_64",
		"target_bitrate":	1000000,
		"timestamp":	{
			"time":	"Thu, 01 Oct 2026 14:54:34 GMT",
			"timesecs":	1790866474
		},
		"accepted_connection":	{
			"host":	"127.0.0.1",
			"port":	51266
		},
		"cookie":	"htw4ydhis3mbiiigpvsemeehyk5u5xkmzvud",
		"target_bitrate":	1000000,
		"fq_rate":	0,
		"sock_bufsize":	0,
		"sndbuf_actual":	212992,
		"rcvbuf_actual":	212992,
		"test_start":	{
			"protocol":	"UDP",
			"num_streams":	1,
			"blksize":	32768,
			"omit":	0,
			"duration":	1,
			"bytes":	0,
			"blocks":	0,
			"reverse":	0,
			"tos":	0,
			"target_bitrate":	1000000,
			"bidir":	0,
			"fqrate":	0
		}
	},
	"intervals":	[{
			"streams":	[{
					"socket":	5,
					"start":	0,
					"end":	1.000243,
					"seconds":	1.0002429485321045,
					"bytes":	131072,
					"bits_per_second":	1048321.3118761058,
					"jitter_ms":	0.00018749999999999946,
					"lost_packets":	0,
					"packets":	4,
					"lost_percent":	0,
					"omitted":	false,
					"sender":	false
				}],
			"sum":	{
				"start":	0,
				"end":	1.000243,
				"seconds":	1.0002429485321045,
				"bytes":	131072,
				"bits_per_second":	1048321.3118761058,
				"jitter_ms":	0.00018749999999999946,
				"lost_packets":	0,
				"packets":	4,
				"lost_percent":	0,
				"omitted":	false,
				"sender":	false
			}
		}],
	"end":	{
		"streams":	[{
				"udp":	{
					"socket":	5,
					"start":	0,
					"end":	1.000391,
					"seconds":	1.000391,
					"bytes":	0,
					"bits_per_second":	0,
					"jitter_ms":	0.00018749999999999946,
					"lost_packets":	0,
					"packets":	4,
					"lost_percent":	0,
					"out_of_order":	0,
					"sender":	false
				}
			}],
		"sum":	{
			"start":	0,
			"end":	1.000391,
			"seconds":	1.000391,
			"bytes":	0,
			"bits_per_second":	0,
			"jitter_ms":	0.00018749999999999946,
			"lost_packets":	0,
			"packets":	4,
			"lost_percent":	0,
			"sender":	false
		},
		"sum_sent":	{
			"start":	0,
			"end":	1.000391,
			"seconds":	1.000391,
			"bytes":	0,
			"bits_per_second":	0,
			"jitter_ms":	0,
			"lost_packets":	0,
			"packets":	0,
			"lost_percent":	0,
			"sender":	true
		},
		"sum_received":	{
			"start":	0,
			"end":	1.000391,
			"seconds":	1.000391,
			"bytes":	131072,
			"bits_per_second":	1048166.1670286917,
			"jitter_ms":	0.00018749999999999946,
			"lost_packets":	0,
			"packets":	4,
			"lost_percent":	0,
			"sender":	false
		},
		"cpu_utilization_percent":	{
			"host_total":	0.042582711419163817,
			"host_user":	0,
			"host_system":	0.042682670835640729,
			"remote_total":	0,
			"remote_user":	0,
			"remote_system":	0
		}
	},
	"extra_data":	"a6347a4a-6cac-4935-8706-75f507930ba7"
}
{
	"start":	{
		"connected":	[{
				"socket":	5,
				"local_host":	"127.0.0.1",
				"local_port":	41743,
				"remote_host":	"127.0.0.1",
				"remote_port":	56718
			}],
		"version":	"iperf 3.16",
		"system_info":	"Linux paulo-lance 6.14.0-37-generic #37~24.04.1-Ubuntu SMP PREEMPT_DYNAMIC Thu Nov 20 10:25:38 UTC 2 x86_64",
		"target_bitrate":	1000000,
		"timestamp":	{
			"time":	"Thu, 01 Oct 2026 15:44:57 GMT",
			"timesecs":	1790869497
		},
		"accepted_connection":	{
			"host":	"127.0.0.1",
			"port":	34800
		},
		"cookie":	"4dknnhvzp4ricr4ccaqqfzvrtonlungfmc7u",
		"target_bitrate":	1000000,
		"fq_rate":	0,
		"sock_bufsize":	0,
		"sndbuf_actual":	212992,
		"rcvbuf_actual":	212992,
		"test_start":	{
			"protocol":	"UDP",
			"num_streams":	1,
			"blksize":	32768,
			"omit":	0,
			"duration":	1,
			"bytes":	0,
			"blocks":	0,
			"reverse":	0,
			"tos":	0,
			"target_bitrate":	1000000,
			"bidir":	0,
			"fqrate":	0
		}
	},
	"intervals":	[{
			"streams":	[{
					"socket":	5,
					"start":	0,
					"end":	1.000246,
					"seconds":	1.0002460479736328,
					"bytes":	131072,
					"bits_per_second":	1048318.0634647618,
					"jitter_ms":	0.00531982421875,
					"lost_packets":	0,
					"packets":	4,
					"lost_percent":	0,
					"omitted":	false,
					"sender":	false
				}],
			"sum":	{
				"start":	0,
				"end":	1.000246,
				"seconds":	1.0002460479736328,
				"bytes":	131072,
				"bits_per_second":	1048318.0634647618,
				"jitter_ms":	0.00531982421875,
				"lost_packets":	0,
				"packets":	4,
				"lost_percent":	0,
				"omitted":	false,
				"sender":	false
			}
		}],
	"end":	{
		"streams":	[{
				"udp":	{
					"socket":	5,
					"start":	0,
					"end":	1.000364,
					"seconds":	1.000364,
					"bytes":	0,
					"bits_per_second":	0,
					"jitter_ms":	0.00531982421875,
					"lost_packets":	0,
					"packets":	4,
					"lost_percent":	0,
					"out_of_order":	0,
					"sender":	false
				}
			}],
		"sum":	{
			"start":	0,
			"end":	1.000364,
			"seconds":	1.000364,
			"bytes":	0,
			"bits_per_second":	0,
			"jitter_ms":	0.00531982421875,
			"lost_packets":	0,
			"packets":	4,
			"lost_percent":	0,
			"sender":	false
		},
		"sum_sent":	{
			"start":	0,
			"end":	1.000364,
			"seconds":	1.000364,
			"bytes":	0,
			"bits_per_second":	0,
			"jitter_ms":	0,
			"lost_packets":	0,
			"packets":	0,
			"lost_percent":	0,
			"sender":	true
		},
		"sum_received":	{
			"start":	0,
			"end":	1.000364,
			"seconds":	1.000364,
			"bytes":	131072,
			"bits_per_second":	1048194.4572175727,
			"jitter_ms":	0.00531982421875,
			"lost_packets":	0,
			"packets":	4,
			"lost_percent":	0,
			"sender":	false
		},
		"cpu_utilization_percent":	{
			"host_total":	0.042783913248618514,
			"host_user":	0.028589250441833868,
			"host_system":	0.014294625220916934,
			"remote_total":	0,
			"remote_user":	0,
			"remote_system":	0
		}
	},
	"extra_data":	"22e04d0d-f7ce-4c15-a294-035af8b5c713"
}
{
	"start":	{
		"connected":	[{
				"socket":	5,
				"local_host":	"127.0.0.1",
				"local_port":	34237,
				"remote_host":	"127.0.0.1",
				"remote_port":	36782
			}],
		"version":	"iperf 3.16",
		"system_info":	"Linux paulo-lance 6.14.0-37-generic #37~24.04.1-Ubuntu SMP PREEMPT_DYNAMIC Thu Nov 20 10:25:38 UTC 2 x86_64",
		"target_bitrate":	10000000,
		"timestamp":	{
			"time":	"Thu, 01 Oct 2026 16:23:34 GMT",
			"timesecs":	1790871814
		},
		"accepted_connection":	{
			"host":	"127.0.0.1",
			"port":	35186
		},
		"cookie":	"fg3ik3blfncniiyucdagqf7y42psekc6td5v",
		"target_bitrate":	10000000,
		"fq_rate":	0,
		"sock_bufsize":	0,
		"sndbuf_actual":	212992,
		"rcvbuf_actual":	212992,
		"test_start":	{
			"protocol":	"UDP",
			"num_streams":	1,
			"blksize":	32768,
			"omit":	0,
			"duration":	2,
			"bytes":	0,
			"blocks":	0,
			"reverse":	0,
			"tos":	0,
			"target_bitrate":	10000000,
			"bidir":	0,
			"fqrate":	0
		}
	},
	"intervals":	[{
			"streams":	[{
					"socket":	5,
					"start":	0,
					"end":	1.000053,
					"seconds":	1.00005304813385,
					"bytes":	1277952,
					"bits_per_second":	10223073.6850188,
					"jitter_ms":	0.015627924939787378,
					"lost_packets":	0,
					"packets":	39,
					"lost_percent":	0,
					"omitted":	false,
					"sender":	false
				}],
			"sum":	{
				"start":	0,
				"end":	1.000053,
				"seconds":	1.00005304813385,
				"bytes":	1277952,
				"bits_per_second":	10223073.6850188,
				"jitter_ms":	0.015627924939787378,
				"lost_packets":	0,
				"packets":	39,
				"lost_percent":	0,
				"omitted":	false,
				"sender":	false
			}
		}, {
			"streams":	[{
					"socket":	5,
					"start":	1.000053,
					"end":	2.000055,
					"seconds":	1.0000020265579224,
					"bytes":	1245184,
					"bits_per_second":	9961451.81254091,
					"jitter_ms":	0.0085443036831773546,
					"lost_packets":	0,
					"packets":	38,
					"lost_percent":	0,
					"omitted":	false,
					"sender":	false
				}],
			"sum":	{
				"start":	1.000053,
				"end":	2.000055,
				"seconds":	1.0000020265579224,
				"bytes":	1245184,
				"bits_per_second":	9961451.81254091,
				"jitter_ms":	0.0085443036831773546,
				"lost_packets":	0,
				"packets":	38,
				"lost_percent":	0,
				"omitted":	false,
				"sender":	false
			}
		}],
	"end":	{
		"streams":	[{
				"udp":	{
					"socket":	5,
					"start":	0,
					"end":	2.000469,
					"seconds":	2.000469,
					"bytes":	0,
					"bits_per_second":	0,
					"jitter_ms":	0.0085443036831773546,
					"lost_packets":	0,
					"packets":	77,
					"lost_percent":	0,
					"out_of_order":	0,
					"sender":	false
				}
			}],
		"sum":	{
			"start":	0,
			"end":	2.000469,
			"seconds":	2.000469,
			"bytes":	0,
			"bits_per_second":	0,
			"jitter_ms":	0.0085443036831773546,
			"lost_packets":	0,
			"packets":	77,
			"lost_percent":	0,
			"sender":	false
		},
		"sum_sent":	{
			"start":	0,
			"end":	2.000469,
			"seconds":	2.000469,
			"bytes":	0,
			"bits_per_second":	0,
			"jitter_ms":	0,
			"lost_packets":	0,
			"packets":	0,
			"lost_percent":	0,
			"sender":	true
		},
		"sum_received":	{
			"start":	0,
			"end":	2.000469,
			"seconds":	2.000469,
			"bytes":	2523136,
			"bits_per_second":	10090177.853293404,
			"jitter_ms":	0.0085443036831773546,
			"lost_packets":	0,
			"packets":	77,
			"lost_percent":	0,
			"sender":	false
		},
		"cpu_utilization_percent":	{
			"host_total":	0.20699814696418548,
			"host_user":	0,
			"host_system":	0.20699814696418548,
			"remote_total":	0,
			"remote_user":	0,
			"remote_system":	0
		}
	},
	"extra_data":	"5f736eca-b9d5-4c66-b436-87fda9a5c498"
}
{
	"start":	{
		"connected":	[{
				"socket":	5,
				"local_host":	"127.0.0.1",
				"local_port":	36301,
				"remote_host":	"127.0.0.1",
				"remote_port":	58976
			}],
		"version":	"iperf 3.16",
		"system_info":	"Linux paulo-lance 6.14.0-37-generic #37~24.04.1-Ubuntu SMP PREEMPT_DYNAMIC Thu Nov 20 10:25:38 UTC 2 x86_64",
		"target_bitrate":	10000000,
		"timestamp":	{
			"time":	"Thu, 01 Oct 2026 16:26:29 GMT",
			"timesecs":	1790871989
		},
		"accepted_connection":	{
			"host":	"127.0.0.1",
			"port":	38966
		},
		"cookie":	"magicvhzlyp27v3udyoje3ri7ipj7enai2hr",
		"target_bitrate":	10000000,
		"fq_rate":	0,
		"sock_bufsize":	0,
		"sndbuf_actual":	212992,
		"rcvbuf_actual":	212992,
		"test_start":	{
			"protocol":	"UDP",
			"num_streams":	1,
			"blksize":	32768,
			"omit":	0,
			"duration":	2,
			"bytes":	0,
			"blocks":	0,
			"reverse":	0,
			"tos":	0,
			"target_bitrate":	10000000,
			"bidir":	0,
			"fqrate":	0
		}
	},
	"intervals":	[{
			"streams":	[{
					"socket":	5,
					"start":	0,
					"end":	1.000054,
					"seconds":	1.0000540018081665,
					"bytes":	1277952,
					"bits_per_second":	10223063.936062451,
					"jitter_ms":	0.00935734504434183,
					"lost_packets":	0,
					"packets":	39,
					"lost_percent":	0,
					"omitted":	false,
					"sender":	false
				}],
			"sum":	{
				"start":	0,
				"end":	1.000054,
				"seconds":	1.0000540018081665,
				"bytes":	1277952,
				"bits_per_second":	10223063.936062451,
				"jitter_ms":	0.00935734504434183,
				"lost_packets":	0,
				"packets":	39,
				"lost_percent":	0,
				"omitted":	false,
				"sender":	false
			}
		}, {
			"streams":	[{
					"socket":	5,
					"start":	1.000054,
					"end":	2.000064,
					"seconds":	1.0000100135803223,
					"bytes":	1245184,
					"bits_per_second":	9961372.2509988453,
					"jitter_ms":	0.011363122386795158,
					"lost_packets":	0,
					"packets":	38,
					"lost_percent":	0,
					"omitted":	false,
					"sender":	false
				}],
			"sum":	{
				"start":	1.000054,
				"end":	2.000064,
				"seconds":	1.0000100135803223,
				"bytes":	1245184,
				"bits_per_second":	9961372.2509988453,
				"jitter_ms":	0.011363122386795158,
				"lost_packets":	0,
				"packets":	38,
				"lost_percent":	0,
				"omitted":	false,
				"sender":	false
			}
		}],
	"end":	{
		"streams":	[{
				"udp":	{
					"socket":	5,
					"start":	0,
					"end":	2.000362,
					"seconds":	2.000362,
					"bytes":	0,
					"bits_per_second":	0,
					"jitter_ms":	0.011363122386795158,
					"lost_packets":	0,
					"packets":	77,
					"lost_percent":	0,
					"out_of_order":	0,
					"sender":	false
				}
			}],
		"sum":	{
			"start":	0,
			"end":	2.000362,
			"seconds":	2.000362,
			"bytes":	0,
			"bits_per_second":	0,
			"jitter_ms":	0.011363122386795158,
			"lost_packets":	0,
			"packets":	77,
			"lost_percent":	0,
			"sender":	false
		},
		"sum_sent":	{
			"start":	0,
			"end":	2.000362,
			"seconds":	2.000362,
			"bytes":	0,
			"bits_per_second":	0,
			"jitter_ms":	0,
			"lost_packets":	0,
			"packets":	0,
			"lost_percent":	0,
			"sender":	true
		},
		"sum_received":	{
			"start":	0,
			"end":	2.000362,
			"seconds":	2.000362,
			"bytes":	2523136,
			"bits_per_second":	10090717.580118,
			"jitter_ms":	0.011363122386795158,
			"lost_packets":	0,
			"packets":	77,
			"lost_percent":	0,
			"sender":	false
		},
		"cpu_utilization_percent":	{
			"host_total":	0.23260243280249188,
			"host_user":	0.060937538273423082,
			"host_system":	0.1716648945290688,
			"remote_total":	0,
			"remote_user":	0,
			"remote_system":	0
		}
	},
	"extra_data":	"47839c13-8cb3-45a9-a24c-0025daca1228"
}
{
	"start":	{
		"connected":	[{
				"socket":	5,
				"local_host":	"127.0.0.1",
				"local_port":	36301,
				"remote_host":	"127.0.0.1",
				"remote_port":	49850
			}],
		"version":	"iperf 3.16",
		"system_info":	"Linux paulo-lance 6.14.0-37-generic #37~24.04.1-Ubuntu SMP PREEMPT_DYNAMIC Thu Nov 20 10:25:38 UTC 2 x86_64",
		"target_bitrate":	10000000,
		"timestamp":	{
			"time":	"Thu, 01 Oct 2026 16:26:33 GMT",
			"timesecs":	1790871993
		},
		"accepted_connection":	{
			"host":	"127.0.0.1",
			"port":	38970
		},
		"cookie":	"pkxeqsax4sqypzw7ii3rfz6emnto26zocq6s",
		"target_bitrate":	10000000,
		"fq_rate":	0,
		"sock_bufsize":	0,
		"sndbuf_actual":	212992,
		"rcvbuf_actual":	212992,
		"test_start":	{
			"protocol":	"UDP",
			"num_streams":	1,
			"blksize":	32768,
			"omit":	0,
			"duration":	30,
			"bytes":	0,
			"blocks":	0,
			"reverse":	0,
			"tos":	0,
			"target_bitrate":	10000000,
			"bidir":	0,
			"fqrate":	0
		}
	},
	"intervals":	[],
	"end":	{
		"streams":	[{
				"udp":	{
					"socket":	5,
					"start":	0,
					"end":	13516.507658,
					"seconds":	13516.507658,
					"bytes":	0,
					"bits_per_second":	0,
					"jitter_ms":	0.0060831320365523417,
					"lost_packets":	0,
					"packets":	11,
					"lost_percent":	0,
					"out_of_order":	0,
					"sender":	false
				}
			}],
		"sum":	{
			"start":	0,
			"end":	13516.507658,
			"seconds":	13516.507658,
			"bytes":	0,
			"bits_per_second":	0,
			"jitter_ms":	0.0060831320365523417,
			"lost_packets":	0,
			"packets":	11,
			"lost_percent":	0,
			"sender":	false
		},
		"sum_sent":	{
			"start":	0,
			"end":	13516.507658,
			"seconds":	13516.507658,
			"bytes":	0,
			"bits_per_second":	0,
			"jitter_ms":	0,
			"lost_packets":	0,
			"packets":	0,
			"lost_percent":	0,
			"sender":	true
		},
		"sum_received":	{
			"start":	0,
			"end":	13516.507658,
			"seconds":	13516.507658,
			"bytes":	360448,
			"bits_per_second":	213.33794741671281,
			"jitter_ms":	0.0060831320365523417,
			"lost_packets":	0,
			"packets":	11,
			"lost_percent":	0,
			"sender":	false
		},
		"cpu_utilization_percent":	{
			"host_total":	0.2399840974393263,
			"host_user":	0,
			"host_system":	0.24034551927281927,
			"remote_total":	0,
			"remote_user":	0,
			"remote_system":	0
		}
	},
	"error":	"the client has terminated",
	"extra_data":	"bb37a923-bb80-4064-8430-757c661cd8b3"
}
{
	"start":	{
		"connected":	[{
				"socket":	5,
				"local_host":	"127.0.0.1",
				"local_port":	43801,
				"remote_host":	"127.0.0.1",
				"remote_port":	35400
			}],
		"version":	"iperf 3.16",
		"system_info":	"Linux paulo-lance 6.14.0-37-generic #37~24.04.1-Ubuntu SMP PREEMPT_DYNAMIC Thu Nov 20 10:25:38 UTC 2 x86_64",
		"target_bitrate":	1000000,
		"timestamp":	{
			"time":	"Thu, 01 Oct 2026 16:26:36 GMT",
			"timesecs":	1790871996
		},
		"accepted_connection":	{
			"host":	"127.0.0.1",
			"port":	53532
		},
		"cookie":	"hskvdorreob663vntbiab2hhet46332kdnnq",
		"target_bitrate":	1000000,
		"fq_rate":	0,
		"sock_bufsize":	0,
		"sndbuf_actual":	212992,
		"rcvbuf_actual":	212992,
		"test_start":	{
			"protocol":	"UDP",
			"num_streams":	1,
			"blksize":	32768,
			"omit":	0,
			"duration":	1,
			"bytes":	0,
			"blocks":	0,
			"reverse":	0,
			"tos":	0,
			"target_bitrate":	1000000,
			"bidir":	0,
			"fqrate":	0
		}
	},
	"intervals":	[{
			"streams":	[{
					"socket":	5,
					"start":	0,
					"end":	1.000251,
					"seconds":	1.0002510547637939,
					"bytes":	131072,
					"bits_per_second":	1048312.8160735784,
					"jitter_ms":	0.0025666503906250008,
					"lost_packets":	0,
					"packets":	4,
					"lost_percent":	0,
					"omitted":	false,
					"sender":	false
				}],
			"sum":	{
				"start":	0,
				"end":	1.000251,
				"seconds":	1.0002510547637939,
				"bytes":	131072,
				"bits_per_second":	1048312.8160735784,
				"jitter_ms":	0.0025666503906250008,
				"lost_packets":	0,
				"packets":	4,
				"lost_percent":	0,
				"omitted":	false,
				"sender":	false
			}
		}],
	"end":	{
		"streams":	[{
				"udp":	{
					"socket":	5,
					"start":	0,
					"end":	1.000427,
					"seconds":	1.000427,
					"bytes":	0,
					"bits_per_second":	0,
					"jitter_ms":	0.0025666503906250008,
					"lost_packets":	0,
					"packets":	4,
					"lost_percent":	0,
					"out_of_order":	0,
					"sender":	false
				}
			}],
		"sum":	{
			"start":	0,
			"end":	1.000427,
			"seconds":	1.000427,
			"bytes":	0,
			"bits_per_second":	0,
			"jitter_ms":	0.0025666503906250008,
			"lost_packets":	0,
			"packets":	4,
			"lost_percent":	0,
			"sender":	false
		},
		"sum_sent":	{
			"start":	0,
			"end":	1.000427,
			"seconds":	1.000427,
			"bytes":	0,
			"bits_per_second":	0,
			"jitter_ms":	0,
			"lost_packets":	0,
			"packets":	0,
			"lost_percent":	0,
			"sender":	true
		},
		"sum_received":	{
			"start":	0,
			"end":	1.000427,
			"seconds":	1.000427,
			"bytes":	131072,
			"bits_per_second":	1048128.449152212,
			"jitter_ms":	0.0025666503906250008,
			"lost_packets":	0,
			"packets":	4,
			"lost_percent":	0,
			"sender":	false
		},
		"cpu_utilization_percent":	{
			"host_total":	0.0427810479957379,
			"host_user":	0.014193712185501823,
			"host_system":	0.028487380090619855,
			"remote_total":	0,
			"remote_user":	0,
			"remote_system":	0
		}
	},
	"extra_data":	"118e438a-3623-4bd7-afa7-5921db487954"
}
{
	"start":	{
		"connected":	[{
				"socket":	5,
				"local_host":	"127.0.0.1",
				"local_port":	45529,
				"remote_host":	"127.0.0.1",
				"remote_port":	38177
			}],
		"version":	"iperf 3.16",
		"system_info":	"Linux paulo-lance 6.14.0-37-generic #37~24.04.1-Ubuntu SMP PREEMPT_DYNAMIC Thu Nov 20 10:25:38 UTC 2 x86_64",
		"target_bitrate":	10000000,
		"timestamp":	{
			"time":	"Thu, 01 Oct 2026 16:34:25 GMT",
			"timesecs":	1790872465
		},
		"accepted_connection":	{
			"host":	"127.0.0.1",
			"port":	53670
		},
		"cookie":	"4hhidtjiqxoijrspkg3uad34coua2u2ekhua",
		"target_bitrate":	10000000,
		"fq_rate":	0,
		"sock_bufsize":	0,
		"sndbuf_actual":	212992,
		"rcvbuf_actual":	212992,
		"test_start":	{
			"protocol":	"UDP",
			"num_streams":	1,
			"blksize":	32768,
			"omit":	0,
			"duration":	2,
			"bytes":	0,
			"blocks":	0,
			"reverse":	0,
			"tos":	0,
			"target_bitrate":	10000000,
			"bidir":	0,
			"fqrate":	0
		}
	},
	"intervals":	[{
			"streams":	[{
					"socket":	5,
					"start":	0,
					"end":	1.000061,
					"seconds":	1.00006103515625,
					"bytes":	1277952,
					"bits_per_second":	10222992.038083613,
					"jitter_ms":	0.014761394254601417,
					"lost_packets":	0,
					"packets":	39,
					"lost_percent":	0,
					"omitted":	false,
					"sender":	false
				}],
			"sum":	{
				"start":	0,
				"end":	1.000061,
				"seconds":	1.00006103515625,
				"bytes":	1277952,
				"bits_per_second":	10222992.038083613,
				"jitter_ms":	0.014761394254601417,
				"lost_packets":	0,
				"packets":	39,
				"lost_percent":	0,
				"omitted":	false,
				"sender":	false
			}
		}, {
			"streams":	[{
					"socket":	5,
					"start":	1.000061,
					"end":	2.000066,
					"seconds":	1.0000050067901611,
					"bytes":	1245184,
					"bits_per_second":	9961422.12524971,
					"jitter_ms":	0.00946428423244676,
					"lost_packets":	0,
					"packets":	38,
					"lost_percent":	0,
					"omitted":	false,
					"sender":	false
				}],
			"sum":	{
				"start":	1.000061,
				"end":	2.000066,
				"seconds":	1.0000050067901611,
				"bytes":	1245184,
				"bits_per_second":	9961422.12524971,
				"jitter_ms":	0.00946428423244676,
				"lost_packets":	0,
				"packets":	38,
				"lost_percent":	0,
				"omitted":	false,
				"sender":	false
			}
		}],
	"end":	{
		"streams":	[{
				"udp":	{
					"socket":	5,
					"start":	0,
					"end":	2.000384,
					"seconds":	2.000384,
					"bytes":	0,
					"bits_per_second":	0,
					"jitter_ms":	0.00946428423244676,
					"lost_packets":	0,
					"packets":	77,
					"lost_percent":	0,
					"out_of_order":	0,
					"sender":	false
				}
			}],
		"sum":	{
			"start":	0,
			"end":	2.000384,
			"seconds":	2.000384,
			"bytes":	0,
			"bits_per_second":	0,
			"jitter_ms":	0.00946428423244676,
			"lost_packets":	0,
			"packets":	77,
			"lost_percent":	0,
			"sender":	false
		},
		"sum_sent":	{
			"start":	0,
			"end":	2.000384,
			"seconds":	2.000384,
			"bytes":	0,
			"bits_per_second":	0,
			"jitter_ms":	0,
			"lost_packets":	0,
			"packets":	0,
			"lost_percent":	0,
			"sender":	true
		},
		"sum_received":	{
			"start":	0,
			"end":	2.000384,
			"seconds":	2.000384,
			"bytes":	2523136,
			"bits_per_second":	10090606.603532122,
			"jitter_ms":	0.00946428423244676,
			"lost_packets":	0,
			"packets":	77,
			"lost_percent":	0,
			"sender":	false
		},
		"cpu_utilization_percent":	{
			"host_total":	0.20520865045693293,
			"host_user":	0.1026293201919813,
			"host_system":	0.1026293201919813,
			"remote_total":	0,
			"remote_user":	0,
			"remote_system":	0
		}
	},
	"extra_data":	"4c0d6dab-c0b2-4cf3-bb53-8366746c93a0"
}
{
	"start":	{
		"connected":	[{
				"socket":	5,
				"local_host":	"127.0.0.1",
				"local_port":	45529,
				"remote_host":	"127.0.0.1",
				"remote_port":	40900
			}],
		"version":	"iperf 3.16",
		"system_info":	"Linux paulo-lance 6.14.0-37-generic #37~24.04.1-Ubuntu SMP PREEMPT_DYNAMIC Thu Nov 20 10:25:38 UTC 2 x86_64",
		"target_bitrate":	10000000,
		"timestamp":	{
			"time":	"Thu, 01 Oct 2026 16:34:29 GMT",
			"timesecs":	1790872469
		},
		"accepted_connection":	{
			"host":	"127.0.0.1",
			"port":	53684
		},
		"cookie":	"e6bvm6nrk4wlgdxavpxajtosiyzgv6yntwzu",
		"target_bitrate":	10000000,
		"fq_rate":	0,
		"sock_bufsize":	0,
		"sndbuf_actual":	212992,
		"rcvbuf_actual":	212992,
		"test_start":	{
			"protocol":	"UDP",
			"num_streams":	1,
			"blksize":	32768,
			"omit":	0,
			"duration":	30,
			"bytes":	0,
			"blocks":	0,
			"reverse":	0,
			"tos":	0,
			"target_bitrate":	10000000,
			"bidir":	0,
			"fqrate":	0
		}
	},
	"intervals":	[],
	"end":	{
		"streams":	[{
				"udp":	{
					"socket":	5,
					"start":	0,
					"end":	13992.190027,
					"seconds":	13992.190027,
					"bytes":	0,
					"bits_per_second":	0,
					"jitter_ms":	0.00703503692486356,
					"lost_packets":	0,
					"packets":	11,
					"lost_percent":	0,
					"out_of_order":	0,
					"sender":	false
				}
			}],
		"sum":	{
			"start":	0,
			"end":	13992.190027,
			"seconds":	13992.190027,
			"bytes":	0,
			"bits_per_second":	0,
			"jitter_ms":	0.00703503692486356,
			"lost_packets":	0,
			"packets":	11,
			"lost_percent":	0,
			"sender":	false
		},
		"sum_sent":	{
			"start":	0,
			"end":	13992.190027,
			"seconds":	13992.190027,
			"bytes":	0,
			"bits_per_second":	0,
			"jitter_ms":	0,
			"lost_packets":	0,
			"packets":	0,
			"lost_percent":	0,
			"sender":	true
		},
		"sum_received":	{
			"start":	0,
			"end":	13992.190027,
			"seconds":	13992.190027,
			"bytes":	360448,
			"bits_per_second":	206.08525144639245,
			"jitter_ms":	0.00703503692486356,
			"lost_packets":	0,
			"packets":	11,
			"lost_percent":	0,
			"sender":	false
		},
		"cpu_utilization_percent":	{
			"host_total":	0.27120467955313032,
			"host_user":	0,
			"host_system":	0.27120467955313032,
			"remote_total":	0,
			"remote_user":	0,
			"remote_system":	0
		}
	},
	"error":	"the client has terminated",
	"extra_data":	"4b0ea428-c7d9-44fa-a16f-5a8582ad7dfa"
}
{
	"start":	{
		"connected":	[{
				"socket":	5,
				"local_host":	"127.0.0.1",
				"local_port":	41709,
				"remote_host":	"127.0.0.1",
				"remote_port":	50934
			}],
		"version":	"iperf 3.16",
		"system_info":	"Linux paulo-lance 6.14.0-37-generic #37~24.04.1-Ubuntu SMP PREEMPT_DYNAMIC Thu Nov 20 10:25:38 UTC 2 x86_64",
		"target_bitrate":	1000000,
		"timestamp":	{
			"time":	"Thu, 01 Oct 2026 16:34:33 GMT",
			"timesecs":	1790872473
		},
		"accepted_connection":	{
			"host":	"127.0.0.1",
			"port":	35316
		},
		"cookie":	"4s4gojfiahtyqk6de2hcs75f7kimhkydb2ou",
		"target_bitrate":	1000000,
		"fq_rate":	0,
		"sock_bufsize":	0,
		"sndbuf_actual":	212992,
		"rcvbuf_actual":	212992,
		"test_start":	{
			"protocol":	"UDP",
			"num_streams":	1,
			"blksize":	32768,
			"omit":	0,
			"duration":	1,
			"bytes":	0,
			"blocks":	0,
			"reverse":	0,
			"tos":	0,
			"target_bitrate":	1000000,
			"bidir":	0,
			"fqrate":	0
		}
	},
	"intervals":	[{
			"streams":	[{
					"socket":	5,
					"start":	0,
					"end":	1.000244,
					"seconds":	1.0002440214157104,
					"bytes":	131072,
					"bits_per_second":	1048320.187423747,
					"jitter_ms":	0.005164794921875,
					"lost_packets":	0,
					"packets":	4,
					"lost_percent":	0,
					"omitted":	false,
					"sender":	false
				}],
			"sum":	{
				"start":	0,
				"end":	1.000244,
				"seconds":	1.0002440214157104,
				"bytes":	131072,
				"bits_per_second":	1048320.187423747,
				"jitter_ms":	0.005164794921875,
				"lost_packets":	0,
				"packets":	4,
				"lost_percent":	0,
				"omitted":	false,
				"sender":	false
			}
		}],
	"end":	{
		"streams":	[{
				"udp":	{
					"socket":	5,
					"start":	0,
					"end":	1.000369,
					"seconds":	1.000369,
					"bytes":	0,
					"bits_per_second":	0,
					"jitter_ms":	0.005164794921875,
					"lost_packets":	0,
					"packets":	4,
					"lost_percent":	0,
					"out_of_order":	0,
					"sender":	false
				}
			}],
		"sum":	{
			"start":	0,
			"end":	1.000369,
			"seconds":	1.000369,
			"bytes":	0,
			"bits_per_second":	0,
			"jitter_ms":	0.005164794921875,
			"lost_packets":	0,
			"packets":	4,
			"lost_percent":	0,
			"sender":	false
		},
		"sum_sent":	{
			"start":	0,
			"end":	1.000369,
			"seconds":	1.000369,
			"bytes":	0,
			"bits_per_second":	0,
			"jitter_ms":	0,
			"lost_packets":	0,
			"packets":	0,
			"lost_percent":	0,
			"sender":	true
		},
		"sum_received":	{
			"start":	0,
			"end":	1.000369,
			"seconds":	1.000369,
			"bytes":	131072,
			"bits_per_second":	1048189.218178492,
			"jitter_ms":	0.005164794921875,
			"lost_packets":	0,
			"packets":	4,
			"lost_percent":	0,
			"sender":	false
		},
		"cpu_utilization_percent":	{
			"host_total":	0.047880321187991737,
			"host_user":	0,
			"host_system":	0.047880321187991737,
			"remote_total":	0,
			"remote_user":	0,
			"remote_system":	0
		}
	},
	"extra_data":	"75cde60d-41f0-4838-b66c-7c2f35a23a47"
}
